--- Wed Sep 10 04:24:45 UTC 2025 ---
CPU:  04:24:45 up  3:08,  4 users,  load average: 0.00, 0.02, 0.00
MEMORY:
               total        used        free      shared  buff/cache   available
Mem:           3.8Gi       488Mi       187Mi       1.0Mi       3.2Gi       3.1Gi
Swap:          3.8Gi       1.0Mi       3.8Gi
DISK:
Filesystem                         Size  Used Avail Use% Mounted on
/dev/mapper/ubuntu--vg-ubuntu--lv   30G  9.6G   19G  34% /
NET:
2: eth0: <BROADCAST,MULTICAST,UP,LOWER_UP> mtu 1500 qdisc mq state UP mode DEFAULT group default qlen 1000
--- Wed Sep 10 04:24:49 UTC 2025 ---
CPU:  3:08  4 users  load average: 0.00 0.01 0.00
MEMORY:
               total        used        free      shared  buff/cache   available
Mem:           3.8Gi       492Mi       183Mi       1.0Mi       3.2Gi       3.1Gi
Swap:          3.8Gi       1.0Mi       3.8Gi
DISK:
Filesystem                         Size  Used Avail Use% Mounted on
/dev/mapper/ubuntu--vg-ubuntu--lv   30G  9.6G   19G  34% /
NET:
2: eth0: <BROADCAST,MULTICAST,UP,LOWER_UP> mtu 1500 qdisc mq state UP mode DEFAULT group default qlen 1000\    link/ether 00:0c:29:32:ac:cd brd ff:ff:ff:ff:ff:ff\    altname enp2s0\    altname ens160
--- Wed Sep 10 04:24:49 UTC 2025 ---
CPU:  04:24:49 up  3:08,  4 users,  load average: 0.00, 0.01, 0.00
MEMORY:
               total        used        free      shared  buff/cache   available
Mem:           3.8Gi       492Mi       182Mi       1.0Mi       3.2Gi       3.1Gi
Swap:          3.8Gi       1.0Mi       3.8Gi
DISK:
Filesystem                         Size  Used Avail Use% Mounted on
/dev/mapper/ubuntu--vg-ubuntu--lv   30G  9.6G   19G  34% /
NET:
2: eth0: <BROADCAST,MULTICAST,UP,LOWER_UP> mtu 1500 qdisc mq state UP mode DEFAULT group default qlen 1000
--- Wed Sep 10 04:24:55 UTC 2025 ---
CPU:  04:24:55 up  3:08,  4 users,  load average: 0.00, 0.01, 0.00
MEMORY:
               total        used        free      shared  buff/cache   available
Mem:           3.8Gi       487Mi       188Mi       1.0Mi       3.2Gi       3.1Gi
Swap:          3.8Gi       1.0Mi       3.8Gi
DISK:
Filesystem                         Size  Used Avail Use% Mounted on
/dev/mapper/ubuntu--vg-ubuntu--lv   30G  9.6G   19G  34% /
NET:
2: eth0: <BROADCAST,MULTICAST,UP,LOWER_UP> mtu 1500 qdisc mq state UP mode DEFAULT group default qlen 1000
--- Wed Sep 10 04:24:59 UTC 2025 ---
CPU:  3:08  4 users  load average: 0.00 0.01 0.00
MEMORY:
               total        used        free      shared  buff/cache   available
Mem:           3.8Gi       488Mi       187Mi       1.0Mi       3.2Gi       3.1Gi
Swap:          3.8Gi       1.0Mi       3.8Gi
DISK:
Filesystem                         Size  Used Avail Use% Mounted on
/dev/mapper/ubuntu--vg-ubuntu--lv   30G  9.6G   19G  34% /
NET:
2: eth0: <BROADCAST,MULTICAST,UP,LOWER_UP> mtu 1500 qdisc mq state UP mode DEFAULT group default qlen 1000\    link/ether 00:0c:29:32:ac:cd brd ff:ff:ff:ff:ff:ff\    altname enp2s0\    altname ens160
--- Wed Sep 10 04:24:59 UTC 2025 ---
CPU:  04:24:59 up  3:08,  4 users,  load average: 0.00, 0.01, 0.00
MEMORY:
               total        used        free      shared  buff/cache   available
Mem:           3.8Gi       488Mi       187Mi       1.0Mi       3.2Gi       3.1Gi
Swap:          3.8Gi       1.0Mi       3.8Gi
DISK:
Filesystem                         Size  Used Avail Use% Mounted on
/dev/mapper/ubuntu--vg-ubuntu--lv   30G  9.6G   19G  34% /
NET:
2: eth0: <BROADCAST,MULTICAST,UP,LOWER_UP> mtu 1500 qdisc mq state UP mode DEFAULT group default qlen 1000
--- Wed Sep 10 04:25:05 UTC 2025 ---
CPU:  04:25:05 up  3:08,  4 users,  load average: 0.00, 0.01, 0.00
MEMORY:
               total        used        free      shared  buff/cache   available
Mem:           3.8Gi       484Mi       191Mi       1.0Mi       3.2Gi       3.1Gi
Swap:          3.8Gi       1.0Mi       3.8Gi
DISK:
Filesystem                         Size  Used Avail Use% Mounted on
/dev/mapper/ubuntu--vg-ubuntu--lv   30G  9.6G   19G  34% /
NET:
2: eth0: <BROADCAST,MULTICAST,UP,LOWER_UP> mtu 1500 qdisc mq state UP mode DEFAULT group default qlen 1000
--- Wed Sep 10 04:25:09 UTC 2025 ---
CPU:  3:08  4 users  load average: 0.00 0.01 0.00
MEMORY:
               total        used        free      shared  buff/cache   available
Mem:           3.8Gi       484Mi       191Mi       1.0Mi       3.2Gi       3.1Gi
Swap:          3.8Gi       1.0Mi       3.8Gi
DISK:
Filesystem                         Size  Used Avail Use% Mounted on
/dev/mapper/ubuntu--vg-ubuntu--lv   30G  9.6G   19G  34% /
NET:
2: eth0: <BROADCAST,MULTICAST,UP,LOWER_UP> mtu 1500 qdisc mq state UP mode DEFAULT group default qlen 1000\    link/ether 00:0c:29:32:ac:cd brd ff:ff:ff:ff:ff:ff\    altname enp2s0\    altname ens160
--- Wed Sep 10 04:25:09 UTC 2025 ---
CPU:  04:25:09 up  3:08,  4 users,  load average: 0.00, 0.01, 0.00
MEMORY:
               total        used        free      shared  buff/cache   available
Mem:           3.8Gi       484Mi       191Mi       1.0Mi       3.2Gi       3.1Gi
Swap:          3.8Gi       1.0Mi       3.8Gi
DISK:
Filesystem                         Size  Used Avail Use% Mounted on
/dev/mapper/ubuntu--vg-ubuntu--lv   30G  9.6G   19G  34% /
NET:
2: eth0: <BROADCAST,MULTICAST,UP,LOWER_UP> mtu 1500 qdisc mq state UP mode DEFAULT group default qlen 1000
--- Wed Sep 10 04:25:15 UTC 2025 ---
CPU:  04:25:15 up  3:08,  4 users,  load average: 0.00, 0.01, 0.00
MEMORY:
               total        used        free      shared  buff/cache   available
Mem:           3.8Gi       479Mi       196Mi       1.0Mi       3.2Gi       3.1Gi
Swap:          3.8Gi       1.0Mi       3.8Gi
DISK:
Filesystem                         Size  Used Avail Use% Mounted on
/dev/mapper/ubuntu--vg-ubuntu--lv   30G  9.6G   19G  34% /
NET:
2: eth0: <BROADCAST,MULTICAST,UP,LOWER_UP> mtu 1500 qdisc mq state UP mode DEFAULT group default qlen 1000
--- Wed Sep 10 04:25:19 UTC 2025 ---
CPU:  3:08  4 users  load average: 0.00 0.01 0.00
MEMORY:
               total        used        free      shared  buff/cache   available
Mem:           3.8Gi       479Mi       195Mi       1.0Mi       3.2Gi       3.1Gi
Swap:          3.8Gi       1.0Mi       3.8Gi
DISK:
Filesystem                         Size  Used Avail Use% Mounted on
/dev/mapper/ubuntu--vg-ubuntu--lv   30G  9.6G   19G  34% /
NET:
2: eth0: <BROADCAST,MULTICAST,UP,LOWER_UP> mtu 1500 qdisc mq state UP mode DEFAULT group default qlen 1000\    link/ether 00:0c:29:32:ac:cd brd ff:ff:ff:ff:ff:ff\    altname enp2s0\    altname ens160
--- Wed Sep 10 04:25:20 UTC 2025 ---
CPU:  04:25:20 up  3:08,  4 users,  load average: 0.00, 0.01, 0.00
MEMORY:
               total        used        free      shared  buff/cache   available
Mem:           3.8Gi       479Mi       195Mi       1.0Mi       3.2Gi       3.1Gi
Swap:          3.8Gi       1.0Mi       3.8Gi
DISK:
Filesystem                         Size  Used Avail Use% Mounted on
/dev/mapper/ubuntu--vg-ubuntu--lv   30G  9.6G   19G  34% /
NET:
2: eth0: <BROADCAST,MULTICAST,UP,LOWER_UP> mtu 1500 qdisc mq state UP mode DEFAULT group default qlen 1000
--- Wed Sep 10 04:25:25 UTC 2025 ---
CPU:  04:25:25 up  3:08,  4 users,  load average: 0.00, 0.01, 0.00
MEMORY:
               total        used        free      shared  buff/cache   available
Mem:           3.8Gi       485Mi       190Mi       1.0Mi       3.2Gi       3.1Gi
Swap:          3.8Gi       1.0Mi       3.8Gi
DISK:
Filesystem                         Size  Used Avail Use% Mounted on
/dev/mapper/ubuntu--vg-ubuntu--lv   30G  9.6G   19G  34% /
NET:
2: eth0: <BROADCAST,MULTICAST,UP,LOWER_UP> mtu 1500 qdisc mq state UP mode DEFAULT group default qlen 1000
--- Wed Sep 10 04:25:29 UTC 2025 ---
CPU:  3:08  4 users  load average: 0.00 0.01 0.00
MEMORY:
               total        used        free      shared  buff/cache   available
Mem:           3.8Gi       485Mi       189Mi       1.0Mi       3.2Gi       3.1Gi
Swap:          3.8Gi       1.0Mi       3.8Gi
DISK:
Filesystem                         Size  Used Avail Use% Mounted on
/dev/mapper/ubuntu--vg-ubuntu--lv   30G  9.6G   19G  34% /
NET:
2: eth0: <BROADCAST,MULTICAST,UP,LOWER_UP> mtu 1500 qdisc mq state UP mode DEFAULT group default qlen 1000\    link/ether 00:0c:29:32:ac:cd brd ff:ff:ff:ff:ff:ff\    altname enp2s0\    altname ens160
--- Wed Sep 10 04:25:30 UTC 2025 ---
CPU:  04:25:30 up  3:08,  4 users,  load average: 0.00, 0.01, 0.00
MEMORY:
               total        used        free      shared  buff/cache   available
Mem:           3.8Gi       485Mi       189Mi       1.0Mi       3.2Gi       3.1Gi
Swap:          3.8Gi       1.0Mi       3.8Gi
DISK:
Filesystem                         Size  Used Avail Use% Mounted on
/dev/mapper/ubuntu--vg-ubuntu--lv   30G  9.6G   19G  34% /
NET:
2: eth0: <BROADCAST,MULTICAST,UP,LOWER_UP> mtu 1500 qdisc mq state UP mode DEFAULT group default qlen 1000
--- Wed Sep 10 04:25:35 UTC 2025 ---
CPU:  04:25:35 up  3:08,  4 users,  load average: 0.08, 0.03, 0.01
MEMORY:
               total        used        free      shared  buff/cache   available
Mem:           3.8Gi       480Mi       194Mi       1.0Mi       3.2Gi       3.1Gi
Swap:          3.8Gi       1.0Mi       3.8Gi
DISK:
Filesystem                         Size  Used Avail Use% Mounted on
/dev/mapper/ubuntu--vg-ubuntu--lv   30G  9.6G   19G  34% /
NET:
2: eth0: <BROADCAST,MULTICAST,UP,LOWER_UP> mtu 1500 qdisc mq state UP mode DEFAULT group default qlen 1000
--- Wed Sep 10 04:25:39 UTC 2025 ---
CPU:  3:08  4 users  load average: 0.07 0.03 0.00
MEMORY:
               total        used        free      shared  buff/cache   available
Mem:           3.8Gi       481Mi       194Mi       1.0Mi       3.2Gi       3.1Gi
Swap:          3.8Gi       1.0Mi       3.8Gi
DISK:
Filesystem                         Size  Used Avail Use% Mounted on
/dev/mapper/ubuntu--vg-ubuntu--lv   30G  9.6G   19G  34% /
NET:
2: eth0: <BROADCAST,MULTICAST,UP,LOWER_UP> mtu 1500 qdisc mq state UP mode DEFAULT group default qlen 1000\    link/ether 00:0c:29:32:ac:cd brd ff:ff:ff:ff:ff:ff\    altname enp2s0\    altname ens160
--- Wed Sep 10 04:25:40 UTC 2025 ---
CPU:  04:25:40 up  3:08,  4 users,  load average: 0.07, 0.03, 0.00
MEMORY:
               total        used        free      shared  buff/cache   available
Mem:           3.8Gi       482Mi       193Mi       1.0Mi       3.2Gi       3.1Gi
Swap:          3.8Gi       1.0Mi       3.8Gi
DISK:
Filesystem                         Size  Used Avail Use% Mounted on
/dev/mapper/ubuntu--vg-ubuntu--lv   30G  9.6G   19G  34% /
NET:
2: eth0: <BROADCAST,MULTICAST,UP,LOWER_UP> mtu 1500 qdisc mq state UP mode DEFAULT group default qlen 1000
--- Wed Sep 10 04:25:45 UTC 2025 ---
CPU:  04:25:45 up  3:09,  4 users,  load average: 0.07, 0.03, 0.00
MEMORY:
               total        used        free      shared  buff/cache   available
Mem:           3.8Gi       495Mi       180Mi       1.0Mi       3.2Gi       3.1Gi
Swap:          3.8Gi       1.0Mi       3.8Gi
DISK:
Filesystem                         Size  Used Avail Use% Mounted on
/dev/mapper/ubuntu--vg-ubuntu--lv   30G  9.6G   19G  34% /
NET:
2: eth0: <BROADCAST,MULTICAST,UP,LOWER_UP> mtu 1500 qdisc mq state UP mode DEFAULT group default qlen 1000
--- Wed Sep 10 04:25:49 UTC 2025 ---
CPU:  3:09  4 users  load average: 0.06 0.03 0.00
MEMORY:
               total        used        free      shared  buff/cache   available
Mem:           3.8Gi       495Mi       180Mi       1.0Mi       3.2Gi       3.1Gi
Swap:          3.8Gi       1.0Mi       3.8Gi
DISK:
Filesystem                         Size  Used Avail Use% Mounted on
/dev/mapper/ubuntu--vg-ubuntu--lv   30G  9.6G   19G  34% /
NET:
2: eth0: <BROADCAST,MULTICAST,UP,LOWER_UP> mtu 1500 qdisc mq state UP mode DEFAULT group default qlen 1000\    link/ether 00:0c:29:32:ac:cd brd ff:ff:ff:ff:ff:ff\    altname enp2s0\    altname ens160
--- Wed Sep 10 04:25:50 UTC 2025 ---
CPU:  04:25:50 up  3:09,  4 users,  load average: 0.06, 0.03, 0.00
MEMORY:
               total        used        free      shared  buff/cache   available
Mem:           3.8Gi       496Mi       179Mi       1.0Mi       3.2Gi       3.1Gi
Swap:          3.8Gi       1.0Mi       3.8Gi
DISK:
Filesystem                         Size  Used Avail Use% Mounted on
/dev/mapper/ubuntu--vg-ubuntu--lv   30G  9.6G   19G  34% /
NET:
2: eth0: <BROADCAST,MULTICAST,UP,LOWER_UP> mtu 1500 qdisc mq state UP mode DEFAULT group default qlen 1000
--- Wed Sep 10 04:25:55 UTC 2025 ---
CPU:  04:25:55 up  3:09,  4 users,  load average: 0.06, 0.03, 0.00
MEMORY:
               total        used        free      shared  buff/cache   available
Mem:           3.8Gi       500Mi       174Mi       1.0Mi       3.2Gi       3.1Gi
Swap:          3.8Gi       1.0Mi       3.8Gi
DISK:
Filesystem                         Size  Used Avail Use% Mounted on
/dev/mapper/ubuntu--vg-ubuntu--lv   30G  9.6G   19G  34% /
NET:
2: eth0: <BROADCAST,MULTICAST,UP,LOWER_UP> mtu 1500 qdisc mq state UP mode DEFAULT group default qlen 1000
--- Wed Sep 10 04:25:59 UTC 2025 ---
CPU:  3:09  4 users  load average: 0.05 0.02 0.00
MEMORY:
               total        used        free      shared  buff/cache   available
Mem:           3.8Gi       501Mi       174Mi       1.0Mi       3.2Gi       3.1Gi
Swap:          3.8Gi       1.0Mi       3.8Gi
DISK:
Filesystem                         Size  Used Avail Use% Mounted on
/dev/mapper/ubuntu--vg-ubuntu--lv   30G  9.6G   19G  34% /
NET:
2: eth0: <BROADCAST,MULTICAST,UP,LOWER_UP> mtu 1500 qdisc mq state UP mode DEFAULT group default qlen 1000\    link/ether 00:0c:29:32:ac:cd brd ff:ff:ff:ff:ff:ff\    altname enp2s0\    altname ens160
--- Wed Sep 10 04:26:00 UTC 2025 ---
CPU:  04:26:00 up  3:09,  4 users,  load average: 0.05, 0.02, 0.00
MEMORY:
               total        used        free      shared  buff/cache   available
Mem:           3.8Gi       501Mi       173Mi       1.0Mi       3.2Gi       3.1Gi
Swap:          3.8Gi       1.0Mi       3.8Gi
DISK:
Filesystem                         Size  Used Avail Use% Mounted on
/dev/mapper/ubuntu--vg-ubuntu--lv   30G  9.6G   19G  34% /
NET:
2: eth0: <BROADCAST,MULTICAST,UP,LOWER_UP> mtu 1500 qdisc mq state UP mode DEFAULT group default qlen 1000
--- Wed Sep 10 04:26:05 UTC 2025 ---
CPU:  04:26:05 up  3:09,  4 users,  load average: 0.05, 0.02, 0.00
MEMORY:
               total        used        free      shared  buff/cache   available
Mem:           3.8Gi       502Mi       173Mi       1.0Mi       3.2Gi       3.1Gi
Swap:          3.8Gi       1.0Mi       3.8Gi
DISK:
Filesystem                         Size  Used Avail Use% Mounted on
/dev/mapper/ubuntu--vg-ubuntu--lv   30G  9.6G   19G  34% /
NET:
2: eth0: <BROADCAST,MULTICAST,UP,LOWER_UP> mtu 1500 qdisc mq state UP mode DEFAULT group default qlen 1000
--- Wed Sep 10 04:26:09 UTC 2025 ---
CPU:  3:09  4 users  load average: 0.04 0.02 0.00
MEMORY:
               total        used        free      shared  buff/cache   available
Mem:           3.8Gi       502Mi       173Mi       1.0Mi       3.2Gi       3.1Gi
Swap:          3.8Gi       1.0Mi       3.8Gi
DISK:
Filesystem                         Size  Used Avail Use% Mounted on
/dev/mapper/ubuntu--vg-ubuntu--lv   30G  9.6G   19G  34% /
NET:
2: eth0: <BROADCAST,MULTICAST,UP,LOWER_UP> mtu 1500 qdisc mq state UP mode DEFAULT group default qlen 1000\    link/ether 00:0c:29:32:ac:cd brd ff:ff:ff:ff:ff:ff\    altname enp2s0\    altname ens160
--- Wed Sep 10 04:26:10 UTC 2025 ---
CPU:  04:26:10 up  3:09,  4 users,  load average: 0.04, 0.02, 0.00
MEMORY:
               total        used        free      shared  buff/cache   available
Mem:           3.8Gi       501Mi       173Mi       1.0Mi       3.2Gi       3.1Gi
Swap:          3.8Gi       1.0Mi       3.8Gi
DISK:
Filesystem                         Size  Used Avail Use% Mounted on
/dev/mapper/ubuntu--vg-ubuntu--lv   30G  9.6G   19G  34% /
NET:
2: eth0: <BROADCAST,MULTICAST,UP,LOWER_UP> mtu 1500 qdisc mq state UP mode DEFAULT group default qlen 1000
--- Wed Sep 10 04:26:15 UTC 2025 ---
CPU:  04:26:15 up  3:09,  4 users,  load average: 0.04, 0.02, 0.00
MEMORY:
               total        used        free      shared  buff/cache   available
Mem:           3.8Gi       503Mi       172Mi       1.0Mi       3.2Gi       3.1Gi
Swap:          3.8Gi       1.0Mi       3.8Gi
DISK:
Filesystem                         Size  Used Avail Use% Mounted on
/dev/mapper/ubuntu--vg-ubuntu--lv   30G  9.6G   19G  34% /
NET:
2: eth0: <BROADCAST,MULTICAST,UP,LOWER_UP> mtu 1500 qdisc mq state UP mode DEFAULT group default qlen 1000
--- Wed Sep 10 04:26:19 UTC 2025 ---
CPU:  3:09  4 users  load average: 0.04 0.02 0.00
MEMORY:
               total        used        free      shared  buff/cache   available
Mem:           3.8Gi       503Mi       172Mi       1.0Mi       3.2Gi       3.1Gi
Swap:          3.8Gi       1.0Mi       3.8Gi
DISK:
Filesystem                         Size  Used Avail Use% Mounted on
/dev/mapper/ubuntu--vg-ubuntu--lv   30G  9.6G   19G  34% /
NET:
2: eth0: <BROADCAST,MULTICAST,UP,LOWER_UP> mtu 1500 qdisc mq state UP mode DEFAULT group default qlen 1000\    link/ether 00:0c:29:32:ac:cd brd ff:ff:ff:ff:ff:ff\    altname enp2s0\    altname ens160
--- Wed Sep 10 04:26:20 UTC 2025 ---
CPU:  04:26:20 up  3:09,  4 users,  load average: 0.04, 0.02, 0.00
MEMORY:
               total        used        free      shared  buff/cache   available
Mem:           3.8Gi       503Mi       172Mi       1.0Mi       3.2Gi       3.1Gi
Swap:          3.8Gi       1.0Mi       3.8Gi
DISK:
Filesystem                         Size  Used Avail Use% Mounted on
/dev/mapper/ubuntu--vg-ubuntu--lv   30G  9.6G   19G  34% /
NET:
2: eth0: <BROADCAST,MULTICAST,UP,LOWER_UP> mtu 1500 qdisc mq state UP mode DEFAULT group default qlen 1000
--- Wed Sep 10 04:26:25 UTC 2025 ---
CPU:  04:26:25 up  3:09,  4 users,  load average: 0.03, 0.02, 0.00
MEMORY:
               total        used        free      shared  buff/cache   available
Mem:           3.8Gi       488Mi       187Mi       1.0Mi       3.2Gi       3.1Gi
Swap:          3.8Gi       1.0Mi       3.8Gi
DISK:
Filesystem                         Size  Used Avail Use% Mounted on
/dev/mapper/ubuntu--vg-ubuntu--lv   30G  9.6G   19G  34% /
NET:
2: eth0: <BROADCAST,MULTICAST,UP,LOWER_UP> mtu 1500 qdisc mq state UP mode DEFAULT group default qlen 1000
--- Wed Sep 10 04:26:29 UTC 2025 ---
CPU:  3:09  4 users  load average: 0.03 0.02 0.00
MEMORY:
               total        used        free      shared  buff/cache   available
Mem:           3.8Gi       489Mi       186Mi       1.0Mi       3.2Gi       3.1Gi
Swap:          3.8Gi       1.0Mi       3.8Gi
DISK:
Filesystem                         Size  Used Avail Use% Mounted on
/dev/mapper/ubuntu--vg-ubuntu--lv   30G  9.6G   19G  34% /
NET:
2: eth0: <BROADCAST,MULTICAST,UP,LOWER_UP> mtu 1500 qdisc mq state UP mode DEFAULT group default qlen 1000\    link/ether 00:0c:29:32:ac:cd brd ff:ff:ff:ff:ff:ff\    altname enp2s0\    altname ens160
--- Wed Sep 10 04:26:30 UTC 2025 ---
CPU:  04:26:30 up  3:09,  4 users,  load average: 0.03, 0.02, 0.00
MEMORY:
               total        used        free      shared  buff/cache   available
Mem:           3.8Gi       489Mi       186Mi       1.0Mi       3.2Gi       3.1Gi
Swap:          3.8Gi       1.0Mi       3.8Gi
DISK:
Filesystem                         Size  Used Avail Use% Mounted on
/dev/mapper/ubuntu--vg-ubuntu--lv   30G  9.6G   19G  34% /
NET:
2: eth0: <BROADCAST,MULTICAST,UP,LOWER_UP> mtu 1500 qdisc mq state UP mode DEFAULT group default qlen 1000
--- Wed Sep 10 04:26:35 UTC 2025 ---
CPU:  04:26:35 up  3:09,  4 users,  load average: 0.03, 0.02, 0.00
MEMORY:
               total        used        free      shared  buff/cache   available
Mem:           3.8Gi       489Mi       186Mi       1.0Mi       3.2Gi       3.1Gi
Swap:          3.8Gi       1.0Mi       3.8Gi
DISK:
Filesystem                         Size  Used Avail Use% Mounted on
/dev/mapper/ubuntu--vg-ubuntu--lv   30G  9.6G   19G  34% /
NET:
2: eth0: <BROADCAST,MULTICAST,UP,LOWER_UP> mtu 1500 qdisc mq state UP mode DEFAULT group default qlen 1000
--- Wed Sep 10 04:26:39 UTC 2025 ---
CPU:  3:09  4 users  load average: 0.11 0.04 0.01
MEMORY:
               total        used        free      shared  buff/cache   available
Mem:           3.8Gi       489Mi       186Mi       1.0Mi       3.2Gi       3.1Gi
Swap:          3.8Gi       1.0Mi       3.8Gi
DISK:
Filesystem                         Size  Used Avail Use% Mounted on
/dev/mapper/ubuntu--vg-ubuntu--lv   30G  9.6G   19G  34% /
NET:
2: eth0: <BROADCAST,MULTICAST,UP,LOWER_UP> mtu 1500 qdisc mq state UP mode DEFAULT group default qlen 1000\    link/ether 00:0c:29:32:ac:cd brd ff:ff:ff:ff:ff:ff\    altname enp2s0\    altname ens160
--- Wed Sep 10 04:26:40 UTC 2025 ---
CPU:  04:26:40 up  3:09,  4 users,  load average: 0.11, 0.04, 0.01
MEMORY:
               total        used        free      shared  buff/cache   available
Mem:           3.8Gi       489Mi       185Mi       1.0Mi       3.2Gi       3.1Gi
Swap:          3.8Gi       1.0Mi       3.8Gi
DISK:
Filesystem                         Size  Used Avail Use% Mounted on
/dev/mapper/ubuntu--vg-ubuntu--lv   30G  9.6G   19G  34% /
NET:
2: eth0: <BROADCAST,MULTICAST,UP,LOWER_UP> mtu 1500 qdisc mq state UP mode DEFAULT group default qlen 1000
--- Wed Sep 10 04:26:45 UTC 2025 ---
CPU:  04:26:45 up  3:10,  4 users,  load average: 0.10, 0.04, 0.00
MEMORY:
               total        used        free      shared  buff/cache   available
Mem:           3.8Gi       482Mi       192Mi       1.0Mi       3.2Gi       3.1Gi
Swap:          3.8Gi       1.0Mi       3.8Gi
DISK:
Filesystem                         Size  Used Avail Use% Mounted on
/dev/mapper/ubuntu--vg-ubuntu--lv   30G  9.6G   19G  34% /
NET:
2: eth0: <BROADCAST,MULTICAST,UP,LOWER_UP> mtu 1500 qdisc mq state UP mode DEFAULT group default qlen 1000
--- Wed Sep 10 04:26:49 UTC 2025 ---
CPU:  3:10  4 users  load average: 0.09 0.04 0.00
MEMORY:
               total        used        free      shared  buff/cache   available
Mem:           3.8Gi       483Mi       192Mi       1.0Mi       3.2Gi       3.1Gi
Swap:          3.8Gi       1.0Mi       3.8Gi
DISK:
Filesystem                         Size  Used Avail Use% Mounted on
/dev/mapper/ubuntu--vg-ubuntu--lv   30G  9.6G   19G  34% /
NET:
2: eth0: <BROADCAST,MULTICAST,UP,LOWER_UP> mtu 1500 qdisc mq state UP mode DEFAULT group default qlen 1000\    link/ether 00:0c:29:32:ac:cd brd ff:ff:ff:ff:ff:ff\    altname enp2s0\    altname ens160
--- Wed Sep 10 04:26:50 UTC 2025 ---
CPU:  04:26:50 up  3:10,  4 users,  load average: 0.09, 0.04, 0.00
MEMORY:
               total        used        free      shared  buff/cache   available
Mem:           3.8Gi       483Mi       191Mi       1.0Mi       3.2Gi       3.1Gi
Swap:          3.8Gi       1.0Mi       3.8Gi
DISK:
Filesystem                         Size  Used Avail Use% Mounted on
/dev/mapper/ubuntu--vg-ubuntu--lv   30G  9.6G   19G  34% /
NET:
2: eth0: <BROADCAST,MULTICAST,UP,LOWER_UP> mtu 1500 qdisc mq state UP mode DEFAULT group default qlen 1000
--- Wed Sep 10 04:26:55 UTC 2025 ---
CPU:  04:26:55 up  3:10,  4 users,  load average: 0.08, 0.04, 0.00
MEMORY:
               total        used        free      shared  buff/cache   available
Mem:           3.8Gi       494Mi       180Mi       1.0Mi       3.2Gi       3.1Gi
Swap:          3.8Gi       1.0Mi       3.8Gi
DISK:
Filesystem                         Size  Used Avail Use% Mounted on
/dev/mapper/ubuntu--vg-ubuntu--lv   30G  9.6G   19G  34% /
NET:
2: eth0: <BROADCAST,MULTICAST,UP,LOWER_UP> mtu 1500 qdisc mq state UP mode DEFAULT group default qlen 1000
--- Wed Sep 10 04:26:59 UTC 2025 ---
CPU:  3:10  4 users  load average: 0.07 0.03 0.00
MEMORY:
               total        used        free      shared  buff/cache   available
Mem:           3.8Gi       495Mi       180Mi       1.0Mi       3.2Gi       3.1Gi
Swap:          3.8Gi       1.0Mi       3.8Gi
DISK:
Filesystem                         Size  Used Avail Use% Mounted on
/dev/mapper/ubuntu--vg-ubuntu--lv   30G  9.6G   19G  34% /
NET:
2: eth0: <BROADCAST,MULTICAST,UP,LOWER_UP> mtu 1500 qdisc mq state UP mode DEFAULT group default qlen 1000\    link/ether 00:0c:29:32:ac:cd brd ff:ff:ff:ff:ff:ff\    altname enp2s0\    altname ens160
--- Wed Sep 10 04:27:00 UTC 2025 ---
CPU:  04:27:00 up  3:10,  4 users,  load average: 0.07, 0.03, 0.00
MEMORY:
               total        used        free      shared  buff/cache   available
Mem:           3.8Gi       494Mi       180Mi       1.0Mi       3.2Gi       3.1Gi
Swap:          3.8Gi       1.0Mi       3.8Gi
DISK:
Filesystem                         Size  Used Avail Use% Mounted on
/dev/mapper/ubuntu--vg-ubuntu--lv   30G  9.6G   19G  34% /
NET:
2: eth0: <BROADCAST,MULTICAST,UP,LOWER_UP> mtu 1500 qdisc mq state UP mode DEFAULT group default qlen 1000
--- Wed Sep 10 04:27:05 UTC 2025 ---
CPU:  04:27:05 up  3:10,  4 users,  load average: 0.07, 0.03, 0.00
MEMORY:
               total        used        free      shared  buff/cache   available
Mem:           3.8Gi       491Mi       184Mi       1.0Mi       3.2Gi       3.1Gi
Swap:          3.8Gi       1.0Mi       3.8Gi
DISK:
Filesystem                         Size  Used Avail Use% Mounted on
/dev/mapper/ubuntu--vg-ubuntu--lv   30G  9.6G   19G  34% /
NET:
2: eth0: <BROADCAST,MULTICAST,UP,LOWER_UP> mtu 1500 qdisc mq state UP mode DEFAULT group default qlen 1000
--- Wed Sep 10 04:27:09 UTC 2025 ---
CPU:  3:10  4 users  load average: 0.06 0.03 0.00
MEMORY:
               total        used        free      shared  buff/cache   available
Mem:           3.8Gi       491Mi       184Mi       1.0Mi       3.2Gi       3.1Gi
Swap:          3.8Gi       1.0Mi       3.8Gi
DISK:
Filesystem                         Size  Used Avail Use% Mounted on
/dev/mapper/ubuntu--vg-ubuntu--lv   30G  9.6G   19G  34% /
NET:
2: eth0: <BROADCAST,MULTICAST,UP,LOWER_UP> mtu 1500 qdisc mq state UP mode DEFAULT group default qlen 1000\    link/ether 00:0c:29:32:ac:cd brd ff:ff:ff:ff:ff:ff\    altname enp2s0\    altname ens160
--- Wed Sep 10 04:27:10 UTC 2025 ---
CPU:  04:27:10 up  3:10,  4 users,  load average: 0.06, 0.03, 0.00
MEMORY:
               total        used        free      shared  buff/cache   available
Mem:           3.8Gi       491Mi       183Mi       1.0Mi       3.2Gi       3.1Gi
Swap:          3.8Gi       1.0Mi       3.8Gi
DISK:
Filesystem                         Size  Used Avail Use% Mounted on
/dev/mapper/ubuntu--vg-ubuntu--lv   30G  9.6G   19G  34% /
NET:
2: eth0: <BROADCAST,MULTICAST,UP,LOWER_UP> mtu 1500 qdisc mq state UP mode DEFAULT group default qlen 1000
--- Wed Sep 10 04:27:15 UTC 2025 ---
CPU:  04:27:15 up  3:10,  4 users,  load average: 0.06, 0.03, 0.00
MEMORY:
               total        used        free      shared  buff/cache   available
Mem:           3.8Gi       488Mi       186Mi       1.0Mi       3.2Gi       3.1Gi
Swap:          3.8Gi       1.0Mi       3.8Gi
DISK:
Filesystem                         Size  Used Avail Use% Mounted on
/dev/mapper/ubuntu--vg-ubuntu--lv   30G  9.6G   19G  34% /
NET:
2: eth0: <BROADCAST,MULTICAST,UP,LOWER_UP> mtu 1500 qdisc mq state UP mode DEFAULT group default qlen 1000
--- Wed Sep 10 04:27:18 UTC 2025 ---
CPU:  3:10  5 users  load average: 0.05 0.03 0.00
MEMORY:
               total        used        free      shared  buff/cache   available
Mem:           3.8Gi       489Mi       186Mi       1.0Mi       3.2Gi       3.1Gi
Swap:          3.8Gi       1.0Mi       3.8Gi
DISK:
Filesystem                         Size  Used Avail Use% Mounted on
/dev/mapper/ubuntu--vg-ubuntu--lv   30G  9.6G   19G  34% /
NET:
2: eth0: <BROADCAST,MULTICAST,UP,LOWER_UP> mtu 1500 qdisc mq state UP mode DEFAULT group default qlen 1000\    link/ether 00:0c:29:32:ac:cd brd ff:ff:ff:ff:ff:ff\    altname enp2s0\    altname ens160
--- Wed Sep 10 04:27:19 UTC 2025 ---
CPU:  3:10  5 users  load average: 0.05 0.03 0.00
MEMORY:
               total        used        free      shared  buff/cache   available
Mem:           3.8Gi       489Mi       185Mi       1.0Mi       3.2Gi       3.1Gi
Swap:          3.8Gi       1.0Mi       3.8Gi
DISK:
Filesystem                         Size  Used Avail Use% Mounted on
/dev/mapper/ubuntu--vg-ubuntu--lv   30G  9.6G   19G  34% /
NET:
2: eth0: <BROADCAST,MULTICAST,UP,LOWER_UP> mtu 1500 qdisc mq state UP mode DEFAULT group default qlen 1000\    link/ether 00:0c:29:32:ac:cd brd ff:ff:ff:ff:ff:ff\    altname enp2s0\    altname ens160
--- Wed Sep 10 04:27:20 UTC 2025 ---
CPU:  04:27:20 up  3:10,  5 users,  load average: 0.05, 0.03, 0.00
MEMORY:
               total        used        free      shared  buff/cache   available
Mem:           3.8Gi       490Mi       185Mi       1.0Mi       3.2Gi       3.1Gi
Swap:          3.8Gi       1.0Mi       3.8Gi
DISK:
Filesystem                         Size  Used Avail Use% Mounted on
/dev/mapper/ubuntu--vg-ubuntu--lv   30G  9.6G   19G  34% /
NET:
2: eth0: <BROADCAST,MULTICAST,UP,LOWER_UP> mtu 1500 qdisc mq state UP mode DEFAULT group default qlen 1000
--- Wed Sep 10 04:27:25 UTC 2025 ---
CPU:  04:27:25 up  3:10,  5 users,  load average: 0.05, 0.03, 0.00
MEMORY:
               total        used        free      shared  buff/cache   available
Mem:           3.8Gi       490Mi       185Mi       1.0Mi       3.2Gi       3.1Gi
Swap:          3.8Gi       1.0Mi       3.8Gi
DISK:
Filesystem                         Size  Used Avail Use% Mounted on
/dev/mapper/ubuntu--vg-ubuntu--lv   30G  9.6G   19G  34% /
NET:
2: eth0: <BROADCAST,MULTICAST,UP,LOWER_UP> mtu 1500 qdisc mq state UP mode DEFAULT group default qlen 1000
--- Wed Sep 10 04:27:29 UTC 2025 ---
CPU:  3:10  5 users  load average: 0.04 0.03 0.00
MEMORY:
               total        used        free      shared  buff/cache   available
Mem:           3.8Gi       491Mi       184Mi       1.0Mi       3.2Gi       3.1Gi
Swap:          3.8Gi       1.0Mi       3.8Gi
DISK:
Filesystem                         Size  Used Avail Use% Mounted on
/dev/mapper/ubuntu--vg-ubuntu--lv   30G  9.6G   19G  34% /
NET:
2: eth0: <BROADCAST,MULTICAST,UP,LOWER_UP> mtu 1500 qdisc mq state UP mode DEFAULT group default qlen 1000\    link/ether 00:0c:29:32:ac:cd brd ff:ff:ff:ff:ff:ff\    altname enp2s0\    altname ens160
--- Wed Sep 10 04:27:30 UTC 2025 ---
CPU:  04:27:30 up  3:10,  5 users,  load average: 0.04, 0.03, 0.00
MEMORY:
               total        used        free      shared  buff/cache   available
Mem:           3.8Gi       491Mi       184Mi       1.0Mi       3.2Gi       3.1Gi
Swap:          3.8Gi       1.0Mi       3.8Gi
DISK:
Filesystem                         Size  Used Avail Use% Mounted on
/dev/mapper/ubuntu--vg-ubuntu--lv   30G  9.6G   19G  34% /
NET:
2: eth0: <BROADCAST,MULTICAST,UP,LOWER_UP> mtu 1500 qdisc mq state UP mode DEFAULT group default qlen 1000
--- Wed Sep 10 04:27:35 UTC 2025 ---
CPU:  04:27:35 up  3:10,  5 users,  load average: 0.04, 0.03, 0.00
MEMORY:
               total        used        free      shared  buff/cache   available
Mem:           3.8Gi       484Mi       191Mi       1.0Mi       3.2Gi       3.1Gi
Swap:          3.8Gi       1.0Mi       3.8Gi
DISK:
Filesystem                         Size  Used Avail Use% Mounted on
/dev/mapper/ubuntu--vg-ubuntu--lv   30G  9.6G   19G  34% /
NET:
2: eth0: <BROADCAST,MULTICAST,UP,LOWER_UP> mtu 1500 qdisc mq state UP mode DEFAULT group default qlen 1000
--- Wed Sep 10 04:27:39 UTC 2025 ---
CPU:  3:10  5 users  load average: 0.04 0.03 0.00
MEMORY:
               total        used        free      shared  buff/cache   available
Mem:           3.8Gi       484Mi       191Mi       1.0Mi       3.2Gi       3.1Gi
Swap:          3.8Gi       1.0Mi       3.8Gi
DISK:
Filesystem                         Size  Used Avail Use% Mounted on
/dev/mapper/ubuntu--vg-ubuntu--lv   30G  9.6G   19G  34% /
NET:
2: eth0: <BROADCAST,MULTICAST,UP,LOWER_UP> mtu 1500 qdisc mq state UP mode DEFAULT group default qlen 1000\    link/ether 00:0c:29:32:ac:cd brd ff:ff:ff:ff:ff:ff\    altname enp2s0\    altname ens160
--- Wed Sep 10 04:27:40 UTC 2025 ---
CPU:  04:27:40 up  3:10,  5 users,  load average: 0.04, 0.03, 0.00
MEMORY:
               total        used        free      shared  buff/cache   available
Mem:           3.8Gi       484Mi       190Mi       1.0Mi       3.2Gi       3.1Gi
Swap:          3.8Gi       1.0Mi       3.8Gi
DISK:
Filesystem                         Size  Used Avail Use% Mounted on
/dev/mapper/ubuntu--vg-ubuntu--lv   30G  9.6G   19G  34% /
NET:
2: eth0: <BROADCAST,MULTICAST,UP,LOWER_UP> mtu 1500 qdisc mq state UP mode DEFAULT group default qlen 1000
--- Wed Sep 10 04:27:45 UTC 2025 ---
CPU:  04:27:45 up  3:11,  5 users,  load average: 0.03, 0.03, 0.00
MEMORY:
               total        used        free      shared  buff/cache   available
Mem:           3.8Gi       484Mi       191Mi       1.0Mi       3.2Gi       3.1Gi
Swap:          3.8Gi       1.0Mi       3.8Gi
DISK:
Filesystem                         Size  Used Avail Use% Mounted on
/dev/mapper/ubuntu--vg-ubuntu--lv   30G  9.6G   19G  34% /
NET:
2: eth0: <BROADCAST,MULTICAST,UP,LOWER_UP> mtu 1500 qdisc mq state UP mode DEFAULT group default qlen 1000
--- Wed Sep 10 04:27:49 UTC 2025 ---
CPU:  3:11  5 users  load average: 0.03 0.03 0.00
MEMORY:
               total        used        free      shared  buff/cache   available
Mem:           3.8Gi       484Mi       191Mi       1.0Mi       3.2Gi       3.1Gi
Swap:          3.8Gi       1.0Mi       3.8Gi
DISK:
Filesystem                         Size  Used Avail Use% Mounted on
/dev/mapper/ubuntu--vg-ubuntu--lv   30G  9.6G   19G  34% /
NET:
2: eth0: <BROADCAST,MULTICAST,UP,LOWER_UP> mtu 1500 qdisc mq state UP mode DEFAULT group default qlen 1000\    link/ether 00:0c:29:32:ac:cd brd ff:ff:ff:ff:ff:ff\    altname enp2s0\    altname ens160
--- Wed Sep 10 04:27:50 UTC 2025 ---
CPU:  04:27:50 up  3:11,  5 users,  load average: 0.03, 0.03, 0.00
MEMORY:
               total        used        free      shared  buff/cache   available
Mem:           3.8Gi       484Mi       191Mi       1.0Mi       3.2Gi       3.1Gi
Swap:          3.8Gi       1.0Mi       3.8Gi
DISK:
Filesystem                         Size  Used Avail Use% Mounted on
/dev/mapper/ubuntu--vg-ubuntu--lv   30G  9.6G   19G  34% /
NET:
2: eth0: <BROADCAST,MULTICAST,UP,LOWER_UP> mtu 1500 qdisc mq state UP mode DEFAULT group default qlen 1000
--- Wed Sep 10 04:27:55 UTC 2025 ---
CPU:  04:27:55 up  3:11,  5 users,  load average: 0.03, 0.03, 0.00
MEMORY:
               total        used        free      shared  buff/cache   available
Mem:           3.8Gi       485Mi       189Mi       1.0Mi       3.2Gi       3.1Gi
Swap:          3.8Gi       1.0Mi       3.8Gi
DISK:
Filesystem                         Size  Used Avail Use% Mounted on
/dev/mapper/ubuntu--vg-ubuntu--lv   30G  9.6G   19G  34% /
NET:
2: eth0: <BROADCAST,MULTICAST,UP,LOWER_UP> mtu 1500 qdisc mq state UP mode DEFAULT group default qlen 1000
--- Wed Sep 10 04:27:59 UTC 2025 ---
CPU:  3:11  5 users  load average: 0.03 0.03 0.00
MEMORY:
               total        used        free      shared  buff/cache   available
Mem:           3.8Gi       486Mi       189Mi       1.0Mi       3.2Gi       3.1Gi
Swap:          3.8Gi       1.0Mi       3.8Gi
DISK:
Filesystem                         Size  Used Avail Use% Mounted on
/dev/mapper/ubuntu--vg-ubuntu--lv   30G  9.6G   19G  34% /
NET:
2: eth0: <BROADCAST,MULTICAST,UP,LOWER_UP> mtu 1500 qdisc mq state UP mode DEFAULT group default qlen 1000\    link/ether 00:0c:29:32:ac:cd brd ff:ff:ff:ff:ff:ff\    altname enp2s0\    altname ens160
--- Wed Sep 10 04:28:00 UTC 2025 ---
CPU:  04:28:00 up  3:11,  5 users,  load average: 0.03, 0.03, 0.00
MEMORY:
               total        used        free      shared  buff/cache   available
Mem:           3.8Gi       486Mi       189Mi       1.0Mi       3.2Gi       3.1Gi
Swap:          3.8Gi       1.0Mi       3.8Gi
DISK:
Filesystem                         Size  Used Avail Use% Mounted on
/dev/mapper/ubuntu--vg-ubuntu--lv   30G  9.6G   19G  34% /
NET:
2: eth0: <BROADCAST,MULTICAST,UP,LOWER_UP> mtu 1500 qdisc mq state UP mode DEFAULT group default qlen 1000
--- Wed Sep 10 04:28:05 UTC 2025 ---
CPU:  04:28:05 up  3:11,  5 users,  load average: 0.02, 0.03, 0.00
MEMORY:
               total        used        free      shared  buff/cache   available
Mem:           3.8Gi       487Mi       188Mi       1.0Mi       3.2Gi       3.1Gi
Swap:          3.8Gi       1.0Mi       3.8Gi
DISK:
Filesystem                         Size  Used Avail Use% Mounted on
/dev/mapper/ubuntu--vg-ubuntu--lv   30G  9.6G   19G  34% /
NET:
2: eth0: <BROADCAST,MULTICAST,UP,LOWER_UP> mtu 1500 qdisc mq state UP mode DEFAULT group default qlen 1000
--- Wed Sep 10 04:28:09 UTC 2025 ---
CPU:  3:11  5 users  load average: 0.02 0.02 0.00
MEMORY:
               total        used        free      shared  buff/cache   available
Mem:           3.8Gi       488Mi       187Mi       1.0Mi       3.2Gi       3.1Gi
Swap:          3.8Gi       1.0Mi       3.8Gi
DISK:
Filesystem                         Size  Used Avail Use% Mounted on
/dev/mapper/ubuntu--vg-ubuntu--lv   30G  9.6G   19G  34% /
NET:
2: eth0: <BROADCAST,MULTICAST,UP,LOWER_UP> mtu 1500 qdisc mq state UP mode DEFAULT group default qlen 1000\    link/ether 00:0c:29:32:ac:cd brd ff:ff:ff:ff:ff:ff\    altname enp2s0\    altname ens160
--- Wed Sep 10 04:28:10 UTC 2025 ---
CPU:  04:28:10 up  3:11,  5 users,  load average: 0.02, 0.02, 0.00
MEMORY:
               total        used        free      shared  buff/cache   available
Mem:           3.8Gi       488Mi       187Mi       1.0Mi       3.2Gi       3.1Gi
Swap:          3.8Gi       1.0Mi       3.8Gi
DISK:
Filesystem                         Size  Used Avail Use% Mounted on
/dev/mapper/ubuntu--vg-ubuntu--lv   30G  9.6G   19G  34% /
NET:
2: eth0: <BROADCAST,MULTICAST,UP,LOWER_UP> mtu 1500 qdisc mq state UP mode DEFAULT group default qlen 1000
--- Wed Sep 10 04:28:15 UTC 2025 ---
CPU:  04:28:15 up  3:11,  5 users,  load average: 0.02, 0.02, 0.00
MEMORY:
               total        used        free      shared  buff/cache   available
Mem:           3.8Gi       489Mi       186Mi       1.0Mi       3.2Gi       3.1Gi
Swap:          3.8Gi       1.0Mi       3.8Gi
DISK:
Filesystem                         Size  Used Avail Use% Mounted on
/dev/mapper/ubuntu--vg-ubuntu--lv   30G  9.6G   19G  34% /
NET:
2: eth0: <BROADCAST,MULTICAST,UP,LOWER_UP> mtu 1500 qdisc mq state UP mode DEFAULT group default qlen 1000
--- Wed Sep 10 04:28:19 UTC 2025 ---
CPU:  3:11  5 users  load average: 0.02 0.02 0.00
MEMORY:
               total        used        free      shared  buff/cache   available
Mem:           3.8Gi       489Mi       185Mi       1.0Mi       3.2Gi       3.1Gi
Swap:          3.8Gi       1.0Mi       3.8Gi
DISK:
Filesystem                         Size  Used Avail Use% Mounted on
/dev/mapper/ubuntu--vg-ubuntu--lv   30G  9.6G   19G  34% /
NET:
2: eth0: <BROADCAST,MULTICAST,UP,LOWER_UP> mtu 1500 qdisc mq state UP mode DEFAULT group default qlen 1000\    link/ether 00:0c:29:32:ac:cd brd ff:ff:ff:ff:ff:ff\    altname enp2s0\    altname ens160
--- Wed Sep 10 04:28:20 UTC 2025 ---
CPU:  04:28:20 up  3:11,  5 users,  load average: 0.02, 0.02, 0.00
MEMORY:
               total        used        free      shared  buff/cache   available
Mem:           3.8Gi       490Mi       185Mi       1.0Mi       3.2Gi       3.1Gi
Swap:          3.8Gi       1.0Mi       3.8Gi
DISK:
Filesystem                         Size  Used Avail Use% Mounted on
/dev/mapper/ubuntu--vg-ubuntu--lv   30G  9.6G   19G  34% /
NET:
2: eth0: <BROADCAST,MULTICAST,UP,LOWER_UP> mtu 1500 qdisc mq state UP mode DEFAULT group default qlen 1000
--- Wed Sep 10 04:28:25 UTC 2025 ---
CPU:  04:28:25 up  3:11,  5 users,  load average: 0.02, 0.02, 0.00
MEMORY:
               total        used        free      shared  buff/cache   available
Mem:           3.8Gi       485Mi       190Mi       1.0Mi       3.2Gi       3.1Gi
Swap:          3.8Gi       1.0Mi       3.8Gi
DISK:
Filesystem                         Size  Used Avail Use% Mounted on
/dev/mapper/ubuntu--vg-ubuntu--lv   30G  9.6G   19G  34% /
NET:
2: eth0: <BROADCAST,MULTICAST,UP,LOWER_UP> mtu 1500 qdisc mq state UP mode DEFAULT group default qlen 1000
--- Wed Sep 10 04:28:29 UTC 2025 ---
CPU:  3:11  5 users  load average: 0.01 0.02 0.00
MEMORY:
               total        used        free      shared  buff/cache   available
Mem:           3.8Gi       485Mi       190Mi       1.0Mi       3.2Gi       3.1Gi
Swap:          3.8Gi       1.0Mi       3.8Gi
DISK:
Filesystem                         Size  Used Avail Use% Mounted on
/dev/mapper/ubuntu--vg-ubuntu--lv   30G  9.6G   19G  34% /
NET:
2: eth0: <BROADCAST,MULTICAST,UP,LOWER_UP> mtu 1500 qdisc mq state UP mode DEFAULT group default qlen 1000\    link/ether 00:0c:29:32:ac:cd brd ff:ff:ff:ff:ff:ff\    altname enp2s0\    altname ens160
--- Wed Sep 10 04:28:30 UTC 2025 ---
CPU:  04:28:30 up  3:11,  5 users,  load average: 0.01, 0.02, 0.00
MEMORY:
               total        used        free      shared  buff/cache   available
Mem:           3.8Gi       485Mi       189Mi       1.0Mi       3.2Gi       3.1Gi
Swap:          3.8Gi       1.0Mi       3.8Gi
DISK:
Filesystem                         Size  Used Avail Use% Mounted on
/dev/mapper/ubuntu--vg-ubuntu--lv   30G  9.6G   19G  34% /
NET:
2: eth0: <BROADCAST,MULTICAST,UP,LOWER_UP> mtu 1500 qdisc mq state UP mode DEFAULT group default qlen 1000
--- Wed Sep 10 04:28:35 UTC 2025 ---
CPU:  04:28:35 up  3:11,  5 users,  load average: 0.01, 0.02, 0.00
MEMORY:
               total        used        free      shared  buff/cache   available
Mem:           3.8Gi       500Mi       175Mi       1.0Mi       3.2Gi       3.1Gi
Swap:          3.8Gi       1.0Mi       3.8Gi
DISK:
Filesystem                         Size  Used Avail Use% Mounted on
/dev/mapper/ubuntu--vg-ubuntu--lv   30G  9.6G   19G  34% /
NET:
2: eth0: <BROADCAST,MULTICAST,UP,LOWER_UP> mtu 1500 qdisc mq state UP mode DEFAULT group default qlen 1000
--- Wed Sep 10 04:28:39 UTC 2025 ---
CPU:  3:11  5 users  load average: 0.01 0.02 0.00
MEMORY:
               total        used        free      shared  buff/cache   available
Mem:           3.8Gi       484Mi       190Mi       1.0Mi       3.2Gi       3.1Gi
Swap:          3.8Gi       1.0Mi       3.8Gi
DISK:
Filesystem                         Size  Used Avail Use% Mounted on
/dev/mapper/ubuntu--vg-ubuntu--lv   30G  9.6G   19G  34% /
NET:
2: eth0: <BROADCAST,MULTICAST,UP,LOWER_UP> mtu 1500 qdisc mq state UP mode DEFAULT group default qlen 1000\    link/ether 00:0c:29:32:ac:cd brd ff:ff:ff:ff:ff:ff\    altname enp2s0\    altname ens160
--- Wed Sep 10 04:28:40 UTC 2025 ---
CPU:  04:28:40 up  3:11,  5 users,  load average: 0.01, 0.02, 0.00
MEMORY:
               total        used        free      shared  buff/cache   available
Mem:           3.8Gi       485Mi       190Mi       1.0Mi       3.2Gi       3.1Gi
Swap:          3.8Gi       1.0Mi       3.8Gi
DISK:
Filesystem                         Size  Used Avail Use% Mounted on
/dev/mapper/ubuntu--vg-ubuntu--lv   30G  9.6G   19G  34% /
NET:
2: eth0: <BROADCAST,MULTICAST,UP,LOWER_UP> mtu 1500 qdisc mq state UP mode DEFAULT group default qlen 1000
--- Wed Sep 10 04:28:45 UTC 2025 ---
CPU:  04:28:45 up  3:12,  5 users,  load average: 0.01, 0.02, 0.00
MEMORY:
               total        used        free      shared  buff/cache   available
Mem:           3.8Gi       485Mi       190Mi       1.0Mi       3.2Gi       3.1Gi
Swap:          3.8Gi       1.0Mi       3.8Gi
DISK:
Filesystem                         Size  Used Avail Use% Mounted on
/dev/mapper/ubuntu--vg-ubuntu--lv   30G  9.6G   19G  34% /
NET:
2: eth0: <BROADCAST,MULTICAST,UP,LOWER_UP> mtu 1500 qdisc mq state UP mode DEFAULT group default qlen 1000
--- Wed Sep 10 04:28:49 UTC 2025 ---
CPU:  3:12  5 users  load average: 0.01 0.02 0.00
MEMORY:
               total        used        free      shared  buff/cache   available
Mem:           3.8Gi       487Mi       188Mi       1.0Mi       3.2Gi       3.1Gi
Swap:          3.8Gi       1.0Mi       3.8Gi
DISK:
Filesystem                         Size  Used Avail Use% Mounted on
/dev/mapper/ubuntu--vg-ubuntu--lv   30G  9.6G   19G  34% /
NET:
2: eth0: <BROADCAST,MULTICAST,UP,LOWER_UP> mtu 1500 qdisc mq state UP mode DEFAULT group default qlen 1000\    link/ether 00:0c:29:32:ac:cd brd ff:ff:ff:ff:ff:ff\    altname enp2s0\    altname ens160
--- Wed Sep 10 04:28:50 UTC 2025 ---
CPU:  04:28:50 up  3:12,  5 users,  load average: 0.01, 0.02, 0.00
MEMORY:
               total        used        free      shared  buff/cache   available
Mem:           3.8Gi       487Mi       188Mi       1.0Mi       3.2Gi       3.1Gi
Swap:          3.8Gi       1.0Mi       3.8Gi
DISK:
Filesystem                         Size  Used Avail Use% Mounted on
/dev/mapper/ubuntu--vg-ubuntu--lv   30G  9.6G   19G  34% /
NET:
2: eth0: <BROADCAST,MULTICAST,UP,LOWER_UP> mtu 1500 qdisc mq state UP mode DEFAULT group default qlen 1000
--- Wed Sep 10 04:28:55 UTC 2025 ---
CPU:  04:28:55 up  3:12,  5 users,  load average: 0.01, 0.02, 0.00
MEMORY:
               total        used        free      shared  buff/cache   available
Mem:           3.8Gi       487Mi       188Mi       1.0Mi       3.2Gi       3.1Gi
Swap:          3.8Gi       1.0Mi       3.8Gi
DISK:
Filesystem                         Size  Used Avail Use% Mounted on
/dev/mapper/ubuntu--vg-ubuntu--lv   30G  9.6G   19G  34% /
NET:
2: eth0: <BROADCAST,MULTICAST,UP,LOWER_UP> mtu 1500 qdisc mq state UP mode DEFAULT group default qlen 1000
--- Wed Sep 10 04:28:59 UTC 2025 ---
CPU:  3:12  5 users  load average: 0.01 0.02 0.00
MEMORY:
               total        used        free      shared  buff/cache   available
Mem:           3.8Gi       484Mi       190Mi       1.0Mi       3.2Gi       3.1Gi
Swap:          3.8Gi       1.0Mi       3.8Gi
DISK:
Filesystem                         Size  Used Avail Use% Mounted on
/dev/mapper/ubuntu--vg-ubuntu--lv   30G  9.6G   19G  34% /
NET:
2: eth0: <BROADCAST,MULTICAST,UP,LOWER_UP> mtu 1500 qdisc mq state UP mode DEFAULT group default qlen 1000\    link/ether 00:0c:29:32:ac:cd brd ff:ff:ff:ff:ff:ff\    altname enp2s0\    altname ens160
--- Wed Sep 10 04:29:00 UTC 2025 ---
CPU:  04:29:00 up  3:12,  5 users,  load average: 0.01, 0.02, 0.00
MEMORY:
               total        used        free      shared  buff/cache   available
Mem:           3.8Gi       485Mi       190Mi       1.0Mi       3.2Gi       3.1Gi
Swap:          3.8Gi       1.0Mi       3.8Gi
DISK:
Filesystem                         Size  Used Avail Use% Mounted on
/dev/mapper/ubuntu--vg-ubuntu--lv   30G  9.6G   19G  34% /
NET:
2: eth0: <BROADCAST,MULTICAST,UP,LOWER_UP> mtu 1500 qdisc mq state UP mode DEFAULT group default qlen 1000
--- Wed Sep 10 04:29:05 UTC 2025 ---
CPU:  04:29:05 up  3:12,  5 users,  load average: 0.01, 0.02, 0.00
MEMORY:
               total        used        free      shared  buff/cache   available
Mem:           3.8Gi       485Mi       190Mi       1.0Mi       3.2Gi       3.1Gi
Swap:          3.8Gi       1.0Mi       3.8Gi
DISK:
Filesystem                         Size  Used Avail Use% Mounted on
/dev/mapper/ubuntu--vg-ubuntu--lv   30G  9.6G   19G  34% /
NET:
2: eth0: <BROADCAST,MULTICAST,UP,LOWER_UP> mtu 1500 qdisc mq state UP mode DEFAULT group default qlen 1000
--- Wed Sep 10 04:29:09 UTC 2025 ---
CPU:  3:12  5 users  load average: 0.01 0.02 0.00
MEMORY:
               total        used        free      shared  buff/cache   available
Mem:           3.8Gi       481Mi       193Mi       1.0Mi       3.2Gi       3.1Gi
Swap:          3.8Gi       1.0Mi       3.8Gi
DISK:
Filesystem                         Size  Used Avail Use% Mounted on
/dev/mapper/ubuntu--vg-ubuntu--lv   30G  9.6G   19G  34% /
NET:
2: eth0: <BROADCAST,MULTICAST,UP,LOWER_UP> mtu 1500 qdisc mq state UP mode DEFAULT group default qlen 1000\    link/ether 00:0c:29:32:ac:cd brd ff:ff:ff:ff:ff:ff\    altname enp2s0\    altname ens160
--- Wed Sep 10 04:29:10 UTC 2025 ---
CPU:  04:29:10 up  3:12,  5 users,  load average: 0.01, 0.02, 0.00
MEMORY:
               total        used        free      shared  buff/cache   available
Mem:           3.8Gi       481Mi       193Mi       1.0Mi       3.2Gi       3.1Gi
Swap:          3.8Gi       1.0Mi       3.8Gi
DISK:
Filesystem                         Size  Used Avail Use% Mounted on
/dev/mapper/ubuntu--vg-ubuntu--lv   30G  9.6G   19G  34% /
NET:
2: eth0: <BROADCAST,MULTICAST,UP,LOWER_UP> mtu 1500 qdisc mq state UP mode DEFAULT group default qlen 1000
--- Wed Sep 10 04:29:15 UTC 2025 ---
CPU:  04:29:15 up  3:12,  5 users,  load average: 0.00, 0.02, 0.00
MEMORY:
               total        used        free      shared  buff/cache   available
Mem:           3.8Gi       481Mi       193Mi       1.0Mi       3.2Gi       3.1Gi
Swap:          3.8Gi       1.0Mi       3.8Gi
DISK:
Filesystem                         Size  Used Avail Use% Mounted on
/dev/mapper/ubuntu--vg-ubuntu--lv   30G  9.6G   19G  34% /
NET:
2: eth0: <BROADCAST,MULTICAST,UP,LOWER_UP> mtu 1500 qdisc mq state UP mode DEFAULT group default qlen 1000
--- Wed Sep 10 04:29:20 UTC 2025 ---
CPU:  3:12  5 users  load average: 0.00 0.02 0.00
MEMORY:
               total        used        free      shared  buff/cache   available
Mem:           3.8Gi       485Mi       190Mi       1.0Mi       3.2Gi       3.1Gi
Swap:          3.8Gi       1.0Mi       3.8Gi
DISK:
Filesystem                         Size  Used Avail Use% Mounted on
/dev/mapper/ubuntu--vg-ubuntu--lv   30G  9.6G   19G  34% /
NET:
2: eth0: <BROADCAST,MULTICAST,UP,LOWER_UP> mtu 1500 qdisc mq state UP mode DEFAULT group default qlen 1000\    link/ether 00:0c:29:32:ac:cd brd ff:ff:ff:ff:ff:ff\    altname enp2s0\    altname ens160
--- Wed Sep 10 04:29:20 UTC 2025 ---
CPU:  04:29:20 up  3:12,  5 users,  load average: 0.00, 0.02, 0.00
MEMORY:
               total        used        free      shared  buff/cache   available
Mem:           3.8Gi       485Mi       189Mi       1.0Mi       3.2Gi       3.1Gi
Swap:          3.8Gi       1.0Mi       3.8Gi
DISK:
Filesystem                         Size  Used Avail Use% Mounted on
/dev/mapper/ubuntu--vg-ubuntu--lv   30G  9.6G   19G  34% /
NET:
2: eth0: <BROADCAST,MULTICAST,UP,LOWER_UP> mtu 1500 qdisc mq state UP mode DEFAULT group default qlen 1000
--- Wed Sep 10 04:29:25 UTC 2025 ---
CPU:  04:29:25 up  3:12,  5 users,  load average: 0.00, 0.02, 0.00
MEMORY:
               total        used        free      shared  buff/cache   available
Mem:           3.8Gi       485Mi       189Mi       1.0Mi       3.2Gi       3.1Gi
Swap:          3.8Gi       1.0Mi       3.8Gi
DISK:
Filesystem                         Size  Used Avail Use% Mounted on
/dev/mapper/ubuntu--vg-ubuntu--lv   30G  9.6G   19G  34% /
NET:
2: eth0: <BROADCAST,MULTICAST,UP,LOWER_UP> mtu 1500 qdisc mq state UP mode DEFAULT group default qlen 1000
--- Wed Sep 10 04:29:30 UTC 2025 ---
CPU:  3:12  5 users  load average: 0.00 0.02 0.00
MEMORY:
               total        used        free      shared  buff/cache   available
Mem:           3.8Gi       486Mi       188Mi       1.0Mi       3.2Gi       3.1Gi
Swap:          3.8Gi       1.0Mi       3.8Gi
DISK:
Filesystem                         Size  Used Avail Use% Mounted on
/dev/mapper/ubuntu--vg-ubuntu--lv   30G  9.6G   19G  34% /
NET:
2: eth0: <BROADCAST,MULTICAST,UP,LOWER_UP> mtu 1500 qdisc mq state UP mode DEFAULT group default qlen 1000\    link/ether 00:0c:29:32:ac:cd brd ff:ff:ff:ff:ff:ff\    altname enp2s0\    altname ens160
--- Wed Sep 10 04:29:30 UTC 2025 ---
CPU:  04:29:30 up  3:12,  5 users,  load average: 0.00, 0.02, 0.00
MEMORY:
               total        used        free      shared  buff/cache   available
Mem:           3.8Gi       486Mi       188Mi       1.0Mi       3.2Gi       3.1Gi
Swap:          3.8Gi       1.0Mi       3.8Gi
DISK:
Filesystem                         Size  Used Avail Use% Mounted on
/dev/mapper/ubuntu--vg-ubuntu--lv   30G  9.6G   19G  34% /
NET:
2: eth0: <BROADCAST,MULTICAST,UP,LOWER_UP> mtu 1500 qdisc mq state UP mode DEFAULT group default qlen 1000
--- Wed Sep 10 04:29:35 UTC 2025 ---
CPU:  04:29:35 up  3:12,  5 users,  load average: 0.00, 0.02, 0.00
MEMORY:
               total        used        free      shared  buff/cache   available
Mem:           3.8Gi       487Mi       188Mi       1.0Mi       3.2Gi       3.1Gi
Swap:          3.8Gi       1.0Mi       3.8Gi
DISK:
Filesystem                         Size  Used Avail Use% Mounted on
/dev/mapper/ubuntu--vg-ubuntu--lv   30G  9.6G   19G  34% /
NET:
2: eth0: <BROADCAST,MULTICAST,UP,LOWER_UP> mtu 1500 qdisc mq state UP mode DEFAULT group default qlen 1000
--- Wed Sep 10 04:29:40 UTC 2025 ---
CPU:  3:12  5 users  load average: 0.00 0.02 0.00
MEMORY:
               total        used        free      shared  buff/cache   available
Mem:           3.8Gi       486Mi       188Mi       1.0Mi       3.2Gi       3.1Gi
Swap:          3.8Gi       1.0Mi       3.8Gi
DISK:
Filesystem                         Size  Used Avail Use% Mounted on
/dev/mapper/ubuntu--vg-ubuntu--lv   30G  9.6G   19G  34% /
NET:
2: eth0: <BROADCAST,MULTICAST,UP,LOWER_UP> mtu 1500 qdisc mq state UP mode DEFAULT group default qlen 1000\    link/ether 00:0c:29:32:ac:cd brd ff:ff:ff:ff:ff:ff\    altname enp2s0\    altname ens160
--- Wed Sep 10 04:29:40 UTC 2025 ---
CPU:  04:29:40 up  3:12,  5 users,  load average: 0.00, 0.02, 0.00
MEMORY:
               total        used        free      shared  buff/cache   available
Mem:           3.8Gi       487Mi       188Mi       1.0Mi       3.2Gi       3.1Gi
Swap:          3.8Gi       1.0Mi       3.8Gi
DISK:
Filesystem                         Size  Used Avail Use% Mounted on
/dev/mapper/ubuntu--vg-ubuntu--lv   30G  9.6G   19G  34% /
NET:
2: eth0: <BROADCAST,MULTICAST,UP,LOWER_UP> mtu 1500 qdisc mq state UP mode DEFAULT group default qlen 1000
--- Wed Sep 10 04:29:45 UTC 2025 ---
CPU:  04:29:45 up  3:13,  5 users,  load average: 0.00, 0.02, 0.00
MEMORY:
               total        used        free      shared  buff/cache   available
Mem:           3.8Gi       487Mi       188Mi       1.0Mi       3.2Gi       3.1Gi
Swap:          3.8Gi       1.0Mi       3.8Gi
DISK:
Filesystem                         Size  Used Avail Use% Mounted on
/dev/mapper/ubuntu--vg-ubuntu--lv   30G  9.6G   19G  34% /
NET:
2: eth0: <BROADCAST,MULTICAST,UP,LOWER_UP> mtu 1500 qdisc mq state UP mode DEFAULT group default qlen 1000
--- Wed Sep 10 04:29:50 UTC 2025 ---
CPU:  3:13  5 users  load average: 0.08 0.03 0.01
MEMORY:
               total        used        free      shared  buff/cache   available
Mem:           3.8Gi       485Mi       189Mi       1.0Mi       3.2Gi       3.1Gi
Swap:          3.8Gi       1.0Mi       3.8Gi
DISK:
Filesystem                         Size  Used Avail Use% Mounted on
/dev/mapper/ubuntu--vg-ubuntu--lv   30G  9.6G   19G  34% /
NET:
2: eth0: <BROADCAST,MULTICAST,UP,LOWER_UP> mtu 1500 qdisc mq state UP mode DEFAULT group default qlen 1000\    link/ether 00:0c:29:32:ac:cd brd ff:ff:ff:ff:ff:ff\    altname enp2s0\    altname ens160
--- Wed Sep 10 04:29:50 UTC 2025 ---
CPU:  04:29:50 up  3:13,  5 users,  load average: 0.08, 0.03, 0.01
MEMORY:
               total        used        free      shared  buff/cache   available
Mem:           3.8Gi       486Mi       189Mi       1.0Mi       3.2Gi       3.1Gi
Swap:          3.8Gi       1.0Mi       3.8Gi
DISK:
Filesystem                         Size  Used Avail Use% Mounted on
/dev/mapper/ubuntu--vg-ubuntu--lv   30G  9.6G   19G  34% /
NET:
2: eth0: <BROADCAST,MULTICAST,UP,LOWER_UP> mtu 1500 qdisc mq state UP mode DEFAULT group default qlen 1000
--- Wed Sep 10 04:29:55 UTC 2025 ---
CPU:  04:29:55 up  3:13,  5 users,  load average: 0.08, 0.03, 0.00
MEMORY:
               total        used        free      shared  buff/cache   available
Mem:           3.8Gi       486Mi       189Mi       1.0Mi       3.2Gi       3.1Gi
Swap:          3.8Gi       1.0Mi       3.8Gi
DISK:
Filesystem                         Size  Used Avail Use% Mounted on
/dev/mapper/ubuntu--vg-ubuntu--lv   30G  9.6G   19G  34% /
NET:
2: eth0: <BROADCAST,MULTICAST,UP,LOWER_UP> mtu 1500 qdisc mq state UP mode DEFAULT group default qlen 1000
--- Wed Sep 10 04:30:00 UTC 2025 ---
CPU:  3:13  5 users  load average: 0.07 0.03 0.00
MEMORY:
               total        used        free      shared  buff/cache   available
Mem:           3.8Gi       484Mi       191Mi       1.0Mi       3.2Gi       3.1Gi
Swap:          3.8Gi       1.0Mi       3.8Gi
DISK:
Filesystem                         Size  Used Avail Use% Mounted on
/dev/mapper/ubuntu--vg-ubuntu--lv   30G  9.6G   19G  34% /
NET:
2: eth0: <BROADCAST,MULTICAST,UP,LOWER_UP> mtu 1500 qdisc mq state UP mode DEFAULT group default qlen 1000\    link/ether 00:0c:29:32:ac:cd brd ff:ff:ff:ff:ff:ff\    altname enp2s0\    altname ens160
--- Wed Sep 10 04:30:00 UTC 2025 ---
CPU:  04:30:00 up  3:13,  5 users,  load average: 0.07, 0.03, 0.00
MEMORY:
               total        used        free      shared  buff/cache   available
Mem:           3.8Gi       484Mi       191Mi       1.0Mi       3.2Gi       3.1Gi
Swap:          3.8Gi       1.0Mi       3.8Gi
DISK:
Filesystem                         Size  Used Avail Use% Mounted on
/dev/mapper/ubuntu--vg-ubuntu--lv   30G  9.6G   19G  34% /
NET:
2: eth0: <BROADCAST,MULTICAST,UP,LOWER_UP> mtu 1500 qdisc mq state UP mode DEFAULT group default qlen 1000
--- Wed Sep 10 04:30:05 UTC 2025 ---
CPU:  04:30:05 up  3:13,  5 users,  load average: 0.06, 0.03, 0.00
MEMORY:
               total        used        free      shared  buff/cache   available
Mem:           3.8Gi       484Mi       191Mi       1.0Mi       3.2Gi       3.1Gi
Swap:          3.8Gi       1.0Mi       3.8Gi
DISK:
Filesystem                         Size  Used Avail Use% Mounted on
/dev/mapper/ubuntu--vg-ubuntu--lv   30G  9.6G   19G  34% /
NET:
2: eth0: <BROADCAST,MULTICAST,UP,LOWER_UP> mtu 1500 qdisc mq state UP mode DEFAULT group default qlen 1000
--- Wed Sep 10 04:30:10 UTC 2025 ---
CPU:  3:13  5 users  load average: 0.06 0.03 0.00
MEMORY:
               total        used        free      shared  buff/cache   available
Mem:           3.8Gi       484Mi       190Mi       1.0Mi       3.2Gi       3.1Gi
Swap:          3.8Gi       1.0Mi       3.8Gi
DISK:
Filesystem                         Size  Used Avail Use% Mounted on
/dev/mapper/ubuntu--vg-ubuntu--lv   30G  9.6G   19G  34% /
NET:
2: eth0: <BROADCAST,MULTICAST,UP,LOWER_UP> mtu 1500 qdisc mq state UP mode DEFAULT group default qlen 1000\    link/ether 00:0c:29:32:ac:cd brd ff:ff:ff:ff:ff:ff\    altname enp2s0\    altname ens160
--- Wed Sep 10 04:30:10 UTC 2025 ---
CPU:  04:30:10 up  3:13,  5 users,  load average: 0.06, 0.03, 0.00
MEMORY:
               total        used        free      shared  buff/cache   available
Mem:           3.8Gi       485Mi       190Mi       1.0Mi       3.2Gi       3.1Gi
Swap:          3.8Gi       1.0Mi       3.8Gi
DISK:
Filesystem                         Size  Used Avail Use% Mounted on
/dev/mapper/ubuntu--vg-ubuntu--lv   30G  9.6G   19G  34% /
NET:
2: eth0: <BROADCAST,MULTICAST,UP,LOWER_UP> mtu 1500 qdisc mq state UP mode DEFAULT group default qlen 1000
--- Wed Sep 10 04:30:15 UTC 2025 ---
CPU:  04:30:15 up  3:13,  5 users,  load average: 0.05, 0.03, 0.00
MEMORY:
               total        used        free      shared  buff/cache   available
Mem:           3.8Gi       485Mi       190Mi       1.0Mi       3.2Gi       3.1Gi
Swap:          3.8Gi       1.0Mi       3.8Gi
DISK:
Filesystem                         Size  Used Avail Use% Mounted on
/dev/mapper/ubuntu--vg-ubuntu--lv   30G  9.6G   19G  34% /
NET:
2: eth0: <BROADCAST,MULTICAST,UP,LOWER_UP> mtu 1500 qdisc mq state UP mode DEFAULT group default qlen 1000
--- Wed Sep 10 04:30:20 UTC 2025 ---
CPU:  3:13  5 users  load average: 0.05 0.03 0.00
MEMORY:
               total        used        free      shared  buff/cache   available
Mem:           3.8Gi       485Mi       189Mi       1.0Mi       3.2Gi       3.1Gi
Swap:          3.8Gi       1.0Mi       3.8Gi
DISK:
Filesystem                         Size  Used Avail Use% Mounted on
/dev/mapper/ubuntu--vg-ubuntu--lv   30G  9.6G   19G  34% /
NET:
2: eth0: <BROADCAST,MULTICAST,UP,LOWER_UP> mtu 1500 qdisc mq state UP mode DEFAULT group default qlen 1000\    link/ether 00:0c:29:32:ac:cd brd ff:ff:ff:ff:ff:ff\    altname enp2s0\    altname ens160
--- Wed Sep 10 04:30:20 UTC 2025 ---
CPU:  04:30:20 up  3:13,  5 users,  load average: 0.05, 0.03, 0.00
MEMORY:
               total        used        free      shared  buff/cache   available
Mem:           3.8Gi       486Mi       188Mi       1.0Mi       3.2Gi       3.1Gi
Swap:          3.8Gi       1.0Mi       3.8Gi
DISK:
Filesystem                         Size  Used Avail Use% Mounted on
/dev/mapper/ubuntu--vg-ubuntu--lv   30G  9.6G   19G  34% /
NET:
2: eth0: <BROADCAST,MULTICAST,UP,LOWER_UP> mtu 1500 qdisc mq state UP mode DEFAULT group default qlen 1000
--- Wed Sep 10 04:30:25 UTC 2025 ---
CPU:  04:30:25 up  3:13,  5 users,  load average: 0.04, 0.03, 0.00
MEMORY:
               total        used        free      shared  buff/cache   available
Mem:           3.8Gi       486Mi       188Mi       1.0Mi       3.2Gi       3.1Gi
Swap:          3.8Gi       1.0Mi       3.8Gi
DISK:
Filesystem                         Size  Used Avail Use% Mounted on
/dev/mapper/ubuntu--vg-ubuntu--lv   30G  9.6G   19G  34% /
NET:
2: eth0: <BROADCAST,MULTICAST,UP,LOWER_UP> mtu 1500 qdisc mq state UP mode DEFAULT group default qlen 1000
--- Wed Sep 10 04:30:30 UTC 2025 ---
CPU:  3:13  5 users  load average: 0.04 0.03 0.00
MEMORY:
               total        used        free      shared  buff/cache   available
Mem:           3.8Gi       487Mi       187Mi       1.0Mi       3.2Gi       3.1Gi
Swap:          3.8Gi       1.0Mi       3.8Gi
DISK:
Filesystem                         Size  Used Avail Use% Mounted on
/dev/mapper/ubuntu--vg-ubuntu--lv   30G  9.6G   19G  34% /
NET:
2: eth0: <BROADCAST,MULTICAST,UP,LOWER_UP> mtu 1500 qdisc mq state UP mode DEFAULT group default qlen 1000\    link/ether 00:0c:29:32:ac:cd brd ff:ff:ff:ff:ff:ff\    altname enp2s0\    altname ens160
--- Wed Sep 10 04:30:30 UTC 2025 ---
CPU:  04:30:30 up  3:13,  5 users,  load average: 0.04, 0.03, 0.00
MEMORY:
               total        used        free      shared  buff/cache   available
Mem:           3.8Gi       488Mi       186Mi       1.0Mi       3.2Gi       3.1Gi
Swap:          3.8Gi       1.0Mi       3.8Gi
DISK:
Filesystem                         Size  Used Avail Use% Mounted on
/dev/mapper/ubuntu--vg-ubuntu--lv   30G  9.6G   19G  34% /
NET:
2: eth0: <BROADCAST,MULTICAST,UP,LOWER_UP> mtu 1500 qdisc mq state UP mode DEFAULT group default qlen 1000
--- Wed Sep 10 04:30:35 UTC 2025 ---
CPU:  04:30:35 up  3:13,  5 users,  load average: 0.04, 0.03, 0.00
MEMORY:
               total        used        free      shared  buff/cache   available
Mem:           3.8Gi       488Mi       186Mi       1.0Mi       3.2Gi       3.1Gi
Swap:          3.8Gi       1.0Mi       3.8Gi
DISK:
Filesystem                         Size  Used Avail Use% Mounted on
/dev/mapper/ubuntu--vg-ubuntu--lv   30G  9.6G   19G  34% /
NET:
2: eth0: <BROADCAST,MULTICAST,UP,LOWER_UP> mtu 1500 qdisc mq state UP mode DEFAULT group default qlen 1000
--- Wed Sep 10 04:30:40 UTC 2025 ---
CPU:  3:13  5 users  load average: 0.03 0.03 0.00
MEMORY:
               total        used        free      shared  buff/cache   available
Mem:           3.8Gi       505Mi       170Mi       1.0Mi       3.2Gi       3.1Gi
Swap:          3.8Gi       1.0Mi       3.8Gi
DISK:
Filesystem                         Size  Used Avail Use% Mounted on
/dev/mapper/ubuntu--vg-ubuntu--lv   30G  9.6G   19G  34% /
NET:
2: eth0: <BROADCAST,MULTICAST,UP,LOWER_UP> mtu 1500 qdisc mq state UP mode DEFAULT group default qlen 1000\    link/ether 00:0c:29:32:ac:cd brd ff:ff:ff:ff:ff:ff\    altname enp2s0\    altname ens160
--- Wed Sep 10 04:30:40 UTC 2025 ---
CPU:  04:30:40 up  3:13,  5 users,  load average: 0.03, 0.03, 0.00
MEMORY:
               total        used        free      shared  buff/cache   available
Mem:           3.8Gi       505Mi       170Mi       1.0Mi       3.2Gi       3.1Gi
Swap:          3.8Gi       1.0Mi       3.8Gi
DISK:
Filesystem                         Size  Used Avail Use% Mounted on
/dev/mapper/ubuntu--vg-ubuntu--lv   30G  9.6G   19G  34% /
NET:
2: eth0: <BROADCAST,MULTICAST,UP,LOWER_UP> mtu 1500 qdisc mq state UP mode DEFAULT group default qlen 1000
--- Wed Sep 10 04:30:45 UTC 2025 ---
CPU:  04:30:45 up  3:14,  5 users,  load average: 0.03, 0.03, 0.00
MEMORY:
               total        used        free      shared  buff/cache   available
Mem:           3.8Gi       504Mi       170Mi       1.0Mi       3.2Gi       3.1Gi
Swap:          3.8Gi       1.0Mi       3.8Gi
DISK:
Filesystem                         Size  Used Avail Use% Mounted on
/dev/mapper/ubuntu--vg-ubuntu--lv   30G  9.6G   19G  34% /
NET:
2: eth0: <BROADCAST,MULTICAST,UP,LOWER_UP> mtu 1500 qdisc mq state UP mode DEFAULT group default qlen 1000
--- Wed Sep 10 04:30:50 UTC 2025 ---
CPU:  3:14  5 users  load average: 0.03 0.02 0.00
MEMORY:
               total        used        free      shared  buff/cache   available
Mem:           3.8Gi       491Mi       183Mi       1.0Mi       3.2Gi       3.1Gi
Swap:          3.8Gi       1.0Mi       3.8Gi
DISK:
Filesystem                         Size  Used Avail Use% Mounted on
/dev/mapper/ubuntu--vg-ubuntu--lv   30G  9.6G   19G  34% /
NET:
2: eth0: <BROADCAST,MULTICAST,UP,LOWER_UP> mtu 1500 qdisc mq state UP mode DEFAULT group default qlen 1000\    link/ether 00:0c:29:32:ac:cd brd ff:ff:ff:ff:ff:ff\    altname enp2s0\    altname ens160
--- Wed Sep 10 04:30:50 UTC 2025 ---
CPU:  04:30:50 up  3:14,  5 users,  load average: 0.03, 0.02, 0.00
MEMORY:
               total        used        free      shared  buff/cache   available
Mem:           3.8Gi       491Mi       183Mi       1.0Mi       3.2Gi       3.1Gi
Swap:          3.8Gi       1.0Mi       3.8Gi
DISK:
Filesystem                         Size  Used Avail Use% Mounted on
/dev/mapper/ubuntu--vg-ubuntu--lv   30G  9.6G   19G  34% /
NET:
2: eth0: <BROADCAST,MULTICAST,UP,LOWER_UP> mtu 1500 qdisc mq state UP mode DEFAULT group default qlen 1000
--- Wed Sep 10 04:30:55 UTC 2025 ---
CPU:  04:30:55 up  3:14,  5 users,  load average: 0.03, 0.02, 0.00
MEMORY:
               total        used        free      shared  buff/cache   available
Mem:           3.8Gi       491Mi       183Mi       1.0Mi       3.2Gi       3.1Gi
Swap:          3.8Gi       1.0Mi       3.8Gi
DISK:
Filesystem                         Size  Used Avail Use% Mounted on
/dev/mapper/ubuntu--vg-ubuntu--lv   30G  9.6G   19G  34% /
NET:
2: eth0: <BROADCAST,MULTICAST,UP,LOWER_UP> mtu 1500 qdisc mq state UP mode DEFAULT group default qlen 1000
--- Wed Sep 10 04:31:00 UTC 2025 ---
CPU:  3:14  5 users  load average: 0.02 0.02 0.00
MEMORY:
               total        used        free      shared  buff/cache   available
Mem:           3.8Gi       486Mi       188Mi       1.0Mi       3.2Gi       3.1Gi
Swap:          3.8Gi       1.0Mi       3.8Gi
DISK:
Filesystem                         Size  Used Avail Use% Mounted on
/dev/mapper/ubuntu--vg-ubuntu--lv   30G  9.6G   19G  34% /
NET:
2: eth0: <BROADCAST,MULTICAST,UP,LOWER_UP> mtu 1500 qdisc mq state UP mode DEFAULT group default qlen 1000\    link/ether 00:0c:29:32:ac:cd brd ff:ff:ff:ff:ff:ff\    altname enp2s0\    altname ens160
--- Wed Sep 10 04:31:00 UTC 2025 ---
CPU:  04:31:00 up  3:14,  5 users,  load average: 0.02, 0.02, 0.00
MEMORY:
               total        used        free      shared  buff/cache   available
Mem:           3.8Gi       486Mi       188Mi       1.0Mi       3.2Gi       3.1Gi
Swap:          3.8Gi       1.0Mi       3.8Gi
DISK:
Filesystem                         Size  Used Avail Use% Mounted on
/dev/mapper/ubuntu--vg-ubuntu--lv   30G  9.6G   19G  34% /
NET:
2: eth0: <BROADCAST,MULTICAST,UP,LOWER_UP> mtu 1500 qdisc mq state UP mode DEFAULT group default qlen 1000
--- Wed Sep 10 04:31:05 UTC 2025 ---
CPU:  04:31:05 up  3:14,  5 users,  load average: 0.02, 0.02, 0.00
MEMORY:
               total        used        free      shared  buff/cache   available
Mem:           3.8Gi       486Mi       188Mi       1.0Mi       3.2Gi       3.1Gi
Swap:          3.8Gi       1.0Mi       3.8Gi
DISK:
Filesystem                         Size  Used Avail Use% Mounted on
/dev/mapper/ubuntu--vg-ubuntu--lv   30G  9.6G   19G  34% /
NET:
2: eth0: <BROADCAST,MULTICAST,UP,LOWER_UP> mtu 1500 qdisc mq state UP mode DEFAULT group default qlen 1000
--- Wed Sep 10 04:31:10 UTC 2025 ---
CPU:  3:14  5 users  load average: 0.02 0.02 0.00
MEMORY:
               total        used        free      shared  buff/cache   available
Mem:           3.8Gi       484Mi       190Mi       1.0Mi       3.2Gi       3.1Gi
Swap:          3.8Gi       1.0Mi       3.8Gi
DISK:
Filesystem                         Size  Used Avail Use% Mounted on
/dev/mapper/ubuntu--vg-ubuntu--lv   30G  9.6G   19G  34% /
NET:
2: eth0: <BROADCAST,MULTICAST,UP,LOWER_UP> mtu 1500 qdisc mq state UP mode DEFAULT group default qlen 1000\    link/ether 00:0c:29:32:ac:cd brd ff:ff:ff:ff:ff:ff\    altname enp2s0\    altname ens160
--- Wed Sep 10 04:31:10 UTC 2025 ---
CPU:  04:31:10 up  3:14,  5 users,  load average: 0.02, 0.02, 0.00
MEMORY:
               total        used        free      shared  buff/cache   available
Mem:           3.8Gi       485Mi       190Mi       1.0Mi       3.2Gi       3.1Gi
Swap:          3.8Gi       1.0Mi       3.8Gi
DISK:
Filesystem                         Size  Used Avail Use% Mounted on
/dev/mapper/ubuntu--vg-ubuntu--lv   30G  9.6G   19G  34% /
NET:
2: eth0: <BROADCAST,MULTICAST,UP,LOWER_UP> mtu 1500 qdisc mq state UP mode DEFAULT group default qlen 1000
--- Wed Sep 10 04:31:15 UTC 2025 ---
CPU:  04:31:15 up  3:14,  5 users,  load average: 0.02, 0.02, 0.00
MEMORY:
               total        used        free      shared  buff/cache   available
Mem:           3.8Gi       485Mi       190Mi       1.0Mi       3.2Gi       3.1Gi
Swap:          3.8Gi       1.0Mi       3.8Gi
DISK:
Filesystem                         Size  Used Avail Use% Mounted on
/dev/mapper/ubuntu--vg-ubuntu--lv   30G  9.6G   19G  34% /
NET:
2: eth0: <BROADCAST,MULTICAST,UP,LOWER_UP> mtu 1500 qdisc mq state UP mode DEFAULT group default qlen 1000
--- Wed Sep 10 04:31:20 UTC 2025 ---
CPU:  3:14  5 users  load average: 0.02 0.02 0.00
MEMORY:
               total        used        free      shared  buff/cache   available
Mem:           3.8Gi       501Mi       174Mi       1.0Mi       3.2Gi       3.1Gi
Swap:          3.8Gi       1.0Mi       3.8Gi
DISK:
Filesystem                         Size  Used Avail Use% Mounted on
/dev/mapper/ubuntu--vg-ubuntu--lv   30G  9.6G   19G  34% /
NET:
2: eth0: <BROADCAST,MULTICAST,UP,LOWER_UP> mtu 1500 qdisc mq state UP mode DEFAULT group default qlen 1000\    link/ether 00:0c:29:32:ac:cd brd ff:ff:ff:ff:ff:ff\    altname enp2s0\    altname ens160
--- Wed Sep 10 04:31:20 UTC 2025 ---
CPU:  04:31:20 up  3:14,  5 users,  load average: 0.02, 0.02, 0.00
MEMORY:
               total        used        free      shared  buff/cache   available
Mem:           3.8Gi       501Mi       174Mi       1.0Mi       3.2Gi       3.1Gi
Swap:          3.8Gi       1.0Mi       3.8Gi
DISK:
Filesystem                         Size  Used Avail Use% Mounted on
/dev/mapper/ubuntu--vg-ubuntu--lv   30G  9.6G   19G  34% /
NET:
2: eth0: <BROADCAST,MULTICAST,UP,LOWER_UP> mtu 1500 qdisc mq state UP mode DEFAULT group default qlen 1000
--- Wed Sep 10 04:31:25 UTC 2025 ---
CPU:  04:31:25 up  3:14,  5 users,  load average: 0.01, 0.02, 0.00
MEMORY:
               total        used        free      shared  buff/cache   available
Mem:           3.8Gi       501Mi       173Mi       1.0Mi       3.2Gi       3.1Gi
Swap:          3.8Gi       1.0Mi       3.8Gi
DISK:
Filesystem                         Size  Used Avail Use% Mounted on
/dev/mapper/ubuntu--vg-ubuntu--lv   30G  9.6G   19G  34% /
NET:
2: eth0: <BROADCAST,MULTICAST,UP,LOWER_UP> mtu 1500 qdisc mq state UP mode DEFAULT group default qlen 1000
--- Wed Sep 10 04:31:30 UTC 2025 ---
CPU:  3:14  5 users  load average: 0.01 0.02 0.00
MEMORY:
               total        used        free      shared  buff/cache   available
Mem:           3.8Gi       493Mi       182Mi       1.0Mi       3.2Gi       3.1Gi
Swap:          3.8Gi       1.0Mi       3.8Gi
DISK:
Filesystem                         Size  Used Avail Use% Mounted on
/dev/mapper/ubuntu--vg-ubuntu--lv   30G  9.6G   19G  34% /
NET:
2: eth0: <BROADCAST,MULTICAST,UP,LOWER_UP> mtu 1500 qdisc mq state UP mode DEFAULT group default qlen 1000\    link/ether 00:0c:29:32:ac:cd brd ff:ff:ff:ff:ff:ff\    altname enp2s0\    altname ens160
--- Wed Sep 10 04:31:30 UTC 2025 ---
CPU:  04:31:30 up  3:14,  5 users,  load average: 0.01, 0.02, 0.00
MEMORY:
               total        used        free      shared  buff/cache   available
Mem:           3.8Gi       493Mi       181Mi       1.0Mi       3.2Gi       3.1Gi
Swap:          3.8Gi       1.0Mi       3.8Gi
DISK:
Filesystem                         Size  Used Avail Use% Mounted on
/dev/mapper/ubuntu--vg-ubuntu--lv   30G  9.6G   19G  34% /
NET:
2: eth0: <BROADCAST,MULTICAST,UP,LOWER_UP> mtu 1500 qdisc mq state UP mode DEFAULT group default qlen 1000
--- Wed Sep 10 04:31:35 UTC 2025 ---
CPU:  04:31:35 up  3:14,  5 users,  load average: 0.01, 0.02, 0.00
MEMORY:
               total        used        free      shared  buff/cache   available
Mem:           3.8Gi       493Mi       181Mi       1.0Mi       3.2Gi       3.1Gi
Swap:          3.8Gi       1.0Mi       3.8Gi
DISK:
Filesystem                         Size  Used Avail Use% Mounted on
/dev/mapper/ubuntu--vg-ubuntu--lv   30G  9.6G   19G  34% /
NET:
2: eth0: <BROADCAST,MULTICAST,UP,LOWER_UP> mtu 1500 qdisc mq state UP mode DEFAULT group default qlen 1000
--- Wed Sep 10 04:31:40 UTC 2025 ---
CPU:  3:14  5 users  load average: 0.01 0.02 0.00
MEMORY:
               total        used        free      shared  buff/cache   available
Mem:           3.8Gi       491Mi       183Mi       1.0Mi       3.2Gi       3.1Gi
Swap:          3.8Gi       1.0Mi       3.8Gi
DISK:
Filesystem                         Size  Used Avail Use% Mounted on
/dev/mapper/ubuntu--vg-ubuntu--lv   30G  9.6G   19G  34% /
NET:
2: eth0: <BROADCAST,MULTICAST,UP,LOWER_UP> mtu 1500 qdisc mq state UP mode DEFAULT group default qlen 1000\    link/ether 00:0c:29:32:ac:cd brd ff:ff:ff:ff:ff:ff\    altname enp2s0\    altname ens160
--- Wed Sep 10 04:31:40 UTC 2025 ---
CPU:  04:31:40 up  3:14,  5 users,  load average: 0.01, 0.02, 0.00
MEMORY:
               total        used        free      shared  buff/cache   available
Mem:           3.8Gi       492Mi       182Mi       1.0Mi       3.2Gi       3.1Gi
Swap:          3.8Gi       1.0Mi       3.8Gi
DISK:
Filesystem                         Size  Used Avail Use% Mounted on
/dev/mapper/ubuntu--vg-ubuntu--lv   30G  9.6G   19G  34% /
NET:
2: eth0: <BROADCAST,MULTICAST,UP,LOWER_UP> mtu 1500 qdisc mq state UP mode DEFAULT group default qlen 1000
--- Wed Sep 10 04:31:45 UTC 2025 ---
CPU:  04:31:45 up  3:15,  5 users,  load average: 0.01, 0.02, 0.00
MEMORY:
               total        used        free      shared  buff/cache   available
Mem:           3.8Gi       492Mi       182Mi       1.0Mi       3.2Gi       3.1Gi
Swap:          3.8Gi       1.0Mi       3.8Gi
DISK:
Filesystem                         Size  Used Avail Use% Mounted on
/dev/mapper/ubuntu--vg-ubuntu--lv   30G  9.6G   19G  34% /
NET:
2: eth0: <BROADCAST,MULTICAST,UP,LOWER_UP> mtu 1500 qdisc mq state UP mode DEFAULT group default qlen 1000
--- Wed Sep 10 04:31:50 UTC 2025 ---
CPU:  3:15  5 users  load average: 0.01 0.02 0.00
MEMORY:
               total        used        free      shared  buff/cache   available
Mem:           3.8Gi       481Mi       194Mi       1.0Mi       3.2Gi       3.1Gi
Swap:          3.8Gi       1.0Mi       3.8Gi
DISK:
Filesystem                         Size  Used Avail Use% Mounted on
/dev/mapper/ubuntu--vg-ubuntu--lv   30G  9.6G   19G  34% /
NET:
2: eth0: <BROADCAST,MULTICAST,UP,LOWER_UP> mtu 1500 qdisc mq state UP mode DEFAULT group default qlen 1000\    link/ether 00:0c:29:32:ac:cd brd ff:ff:ff:ff:ff:ff\    altname enp2s0\    altname ens160
--- Wed Sep 10 04:31:50 UTC 2025 ---
CPU:  04:31:50 up  3:15,  5 users,  load average: 0.01, 0.02, 0.00
MEMORY:
               total        used        free      shared  buff/cache   available
Mem:           3.8Gi       481Mi       193Mi       1.0Mi       3.2Gi       3.1Gi
Swap:          3.8Gi       1.0Mi       3.8Gi
DISK:
Filesystem                         Size  Used Avail Use% Mounted on
/dev/mapper/ubuntu--vg-ubuntu--lv   30G  9.6G   19G  34% /
NET:
2: eth0: <BROADCAST,MULTICAST,UP,LOWER_UP> mtu 1500 qdisc mq state UP mode DEFAULT group default qlen 1000
--- Wed Sep 10 04:31:55 UTC 2025 ---
CPU:  04:31:55 up  3:15,  5 users,  load average: 0.01, 0.02, 0.00
MEMORY:
               total        used        free      shared  buff/cache   available
Mem:           3.8Gi       481Mi       193Mi       1.0Mi       3.2Gi       3.1Gi
Swap:          3.8Gi       1.0Mi       3.8Gi
DISK:
Filesystem                         Size  Used Avail Use% Mounted on
/dev/mapper/ubuntu--vg-ubuntu--lv   30G  9.6G   19G  34% /
NET:
2: eth0: <BROADCAST,MULTICAST,UP,LOWER_UP> mtu 1500 qdisc mq state UP mode DEFAULT group default qlen 1000
--- Wed Sep 10 04:32:00 UTC 2025 ---
CPU:  3:15  5 users  load average: 0.01 0.02 0.00
MEMORY:
               total        used        free      shared  buff/cache   available
Mem:           3.8Gi       487Mi       188Mi       1.0Mi       3.2Gi       3.1Gi
Swap:          3.8Gi       1.0Mi       3.8Gi
DISK:
Filesystem                         Size  Used Avail Use% Mounted on
/dev/mapper/ubuntu--vg-ubuntu--lv   30G  9.6G   19G  34% /
NET:
2: eth0: <BROADCAST,MULTICAST,UP,LOWER_UP> mtu 1500 qdisc mq state UP mode DEFAULT group default qlen 1000\    link/ether 00:0c:29:32:ac:cd brd ff:ff:ff:ff:ff:ff\    altname enp2s0\    altname ens160
--- Wed Sep 10 04:32:00 UTC 2025 ---
CPU:  04:32:00 up  3:15,  5 users,  load average: 0.01, 0.02, 0.00
MEMORY:
               total        used        free      shared  buff/cache   available
Mem:           3.8Gi       487Mi       188Mi       1.0Mi       3.2Gi       3.1Gi
Swap:          3.8Gi       1.0Mi       3.8Gi
DISK:
Filesystem                         Size  Used Avail Use% Mounted on
/dev/mapper/ubuntu--vg-ubuntu--lv   30G  9.6G   19G  34% /
NET:
2: eth0: <BROADCAST,MULTICAST,UP,LOWER_UP> mtu 1500 qdisc mq state UP mode DEFAULT group default qlen 1000
--- Wed Sep 10 04:32:05 UTC 2025 ---
CPU:  04:32:05 up  3:15,  5 users,  load average: 0.01, 0.02, 0.00
MEMORY:
               total        used        free      shared  buff/cache   available
Mem:           3.8Gi       487Mi       188Mi       1.0Mi       3.2Gi       3.1Gi
Swap:          3.8Gi       1.0Mi       3.8Gi
DISK:
Filesystem                         Size  Used Avail Use% Mounted on
/dev/mapper/ubuntu--vg-ubuntu--lv   30G  9.6G   19G  34% /
NET:
2: eth0: <BROADCAST,MULTICAST,UP,LOWER_UP> mtu 1500 qdisc mq state UP mode DEFAULT group default qlen 1000
--- Wed Sep 10 04:32:10 UTC 2025 ---
CPU:  3:15  5 users  load average: 0.00 0.02 0.00
MEMORY:
               total        used        free      shared  buff/cache   available
Mem:           3.8Gi       501Mi       174Mi       1.0Mi       3.2Gi       3.1Gi
Swap:          3.8Gi       1.0Mi       3.8Gi
DISK:
Filesystem                         Size  Used Avail Use% Mounted on
/dev/mapper/ubuntu--vg-ubuntu--lv   30G  9.6G   19G  34% /
NET:
2: eth0: <BROADCAST,MULTICAST,UP,LOWER_UP> mtu 1500 qdisc mq state UP mode DEFAULT group default qlen 1000\    link/ether 00:0c:29:32:ac:cd brd ff:ff:ff:ff:ff:ff\    altname enp2s0\    altname ens160
--- Wed Sep 10 04:32:10 UTC 2025 ---
CPU:  04:32:10 up  3:15,  5 users,  load average: 0.00, 0.02, 0.00
MEMORY:
               total        used        free      shared  buff/cache   available
Mem:           3.8Gi       501Mi       174Mi       1.0Mi       3.2Gi       3.1Gi
Swap:          3.8Gi       1.0Mi       3.8Gi
DISK:
Filesystem                         Size  Used Avail Use% Mounted on
/dev/mapper/ubuntu--vg-ubuntu--lv   30G  9.6G   19G  34% /
NET:
2: eth0: <BROADCAST,MULTICAST,UP,LOWER_UP> mtu 1500 qdisc mq state UP mode DEFAULT group default qlen 1000
--- Wed Sep 10 04:32:15 UTC 2025 ---
CPU:  04:32:15 up  3:15,  5 users,  load average: 0.00, 0.02, 0.00
MEMORY:
               total        used        free      shared  buff/cache   available
Mem:           3.8Gi       501Mi       174Mi       1.0Mi       3.2Gi       3.1Gi
Swap:          3.8Gi       1.0Mi       3.8Gi
DISK:
Filesystem                         Size  Used Avail Use% Mounted on
/dev/mapper/ubuntu--vg-ubuntu--lv   30G  9.6G   19G  34% /
NET:
2: eth0: <BROADCAST,MULTICAST,UP,LOWER_UP> mtu 1500 qdisc mq state UP mode DEFAULT group default qlen 1000
--- Wed Sep 10 04:32:18 UTC 2025 ---
CPU:  3:15  5 users  load average: 0.00 0.02 0.00
MEMORY:
               total        used        free      shared  buff/cache   available
Mem:           3.8Gi       501Mi       174Mi       1.0Mi       3.2Gi       3.1Gi
Swap:          3.8Gi       1.0Mi       3.8Gi
DISK:
Filesystem                         Size  Used Avail Use% Mounted on
/dev/mapper/ubuntu--vg-ubuntu--lv   30G  9.6G   19G  34% /
NET:
2: eth0: <BROADCAST,MULTICAST,UP,LOWER_UP> mtu 1500 qdisc mq state UP mode DEFAULT group default qlen 1000\    link/ether 00:0c:29:32:ac:cd brd ff:ff:ff:ff:ff:ff\    altname enp2s0\    altname ens160
--- Wed Sep 10 04:32:20 UTC 2025 ---
CPU:  3:15  5 users  load average: 0.00 0.02 0.00
MEMORY:
               total        used        free      shared  buff/cache   available
Mem:           3.8Gi       487Mi       187Mi       1.0Mi       3.2Gi       3.1Gi
Swap:          3.8Gi       1.0Mi       3.8Gi
DISK:
Filesystem                         Size  Used Avail Use% Mounted on
/dev/mapper/ubuntu--vg-ubuntu--lv   30G  9.6G   19G  34% /
NET:
2: eth0: <BROADCAST,MULTICAST,UP,LOWER_UP> mtu 1500 qdisc mq state UP mode DEFAULT group default qlen 1000\    link/ether 00:0c:29:32:ac:cd brd ff:ff:ff:ff:ff:ff\    altname enp2s0\    altname ens160
--- Wed Sep 10 04:32:20 UTC 2025 ---
CPU:  04:32:20 up  3:15,  5 users,  load average: 0.00, 0.02, 0.00
MEMORY:
               total        used        free      shared  buff/cache   available
Mem:           3.8Gi       487Mi       187Mi       1.0Mi       3.2Gi       3.1Gi
Swap:          3.8Gi       1.0Mi       3.8Gi
DISK:
Filesystem                         Size  Used Avail Use% Mounted on
/dev/mapper/ubuntu--vg-ubuntu--lv   30G  9.6G   19G  34% /
NET:
2: eth0: <BROADCAST,MULTICAST,UP,LOWER_UP> mtu 1500 qdisc mq state UP mode DEFAULT group default qlen 1000
--- Wed Sep 10 04:32:25 UTC 2025 ---
CPU:  04:32:25 up  3:15,  5 users,  load average: 0.00, 0.02, 0.00
MEMORY:
               total        used        free      shared  buff/cache   available
Mem:           3.8Gi       487Mi       187Mi       1.0Mi       3.2Gi       3.1Gi
Swap:          3.8Gi       1.0Mi       3.8Gi
DISK:
Filesystem                         Size  Used Avail Use% Mounted on
/dev/mapper/ubuntu--vg-ubuntu--lv   30G  9.6G   19G  34% /
NET:
2: eth0: <BROADCAST,MULTICAST,UP,LOWER_UP> mtu 1500 qdisc mq state UP mode DEFAULT group default qlen 1000
--- Wed Sep 10 04:32:30 UTC 2025 ---
CPU:  3:15  5 users  load average: 0.00 0.02 0.00
MEMORY:
               total        used        free      shared  buff/cache   available
Mem:           3.8Gi       501Mi       173Mi       1.0Mi       3.2Gi       3.1Gi
Swap:          3.8Gi       1.0Mi       3.8Gi
DISK:
Filesystem                         Size  Used Avail Use% Mounted on
/dev/mapper/ubuntu--vg-ubuntu--lv   30G  9.6G   19G  34% /
NET:
2: eth0: <BROADCAST,MULTICAST,UP,LOWER_UP> mtu 1500 qdisc mq state UP mode DEFAULT group default qlen 1000\    link/ether 00:0c:29:32:ac:cd brd ff:ff:ff:ff:ff:ff\    altname enp2s0\    altname ens160
--- Wed Sep 10 04:32:30 UTC 2025 ---
CPU:  04:32:30 up  3:15,  5 users,  load average: 0.00, 0.02, 0.00
MEMORY:
               total        used        free      shared  buff/cache   available
Mem:           3.8Gi       501Mi       173Mi       1.0Mi       3.2Gi       3.1Gi
Swap:          3.8Gi       1.0Mi       3.8Gi
DISK:
Filesystem                         Size  Used Avail Use% Mounted on
/dev/mapper/ubuntu--vg-ubuntu--lv   30G  9.6G   19G  34% /
NET:
2: eth0: <BROADCAST,MULTICAST,UP,LOWER_UP> mtu 1500 qdisc mq state UP mode DEFAULT group default qlen 1000
--- Wed Sep 10 04:32:35 UTC 2025 ---
CPU:  04:32:35 up  3:15,  5 users,  load average: 0.00, 0.01, 0.00
MEMORY:
               total        used        free      shared  buff/cache   available
Mem:           3.8Gi       501Mi       173Mi       1.0Mi       3.2Gi       3.1Gi
Swap:          3.8Gi       1.0Mi       3.8Gi
DISK:
Filesystem                         Size  Used Avail Use% Mounted on
/dev/mapper/ubuntu--vg-ubuntu--lv   30G  9.6G   19G  34% /
NET:
2: eth0: <BROADCAST,MULTICAST,UP,LOWER_UP> mtu 1500 qdisc mq state UP mode DEFAULT group default qlen 1000
--- Wed Sep 10 04:32:40 UTC 2025 ---
CPU:  3:15  5 users  load average: 0.00 0.01 0.00
MEMORY:
               total        used        free      shared  buff/cache   available
Mem:           3.8Gi       492Mi       182Mi       1.0Mi       3.2Gi       3.1Gi
Swap:          3.8Gi       1.0Mi       3.8Gi
DISK:
Filesystem                         Size  Used Avail Use% Mounted on
/dev/mapper/ubuntu--vg-ubuntu--lv   30G  9.6G   19G  34% /
NET:
2: eth0: <BROADCAST,MULTICAST,UP,LOWER_UP> mtu 1500 qdisc mq state UP mode DEFAULT group default qlen 1000\    link/ether 00:0c:29:32:ac:cd brd ff:ff:ff:ff:ff:ff\    altname enp2s0\    altname ens160
--- Wed Sep 10 04:32:40 UTC 2025 ---
CPU:  04:32:40 up  3:15,  5 users,  load average: 0.00, 0.01, 0.00
MEMORY:
               total        used        free      shared  buff/cache   available
Mem:           3.8Gi       492Mi       182Mi       1.0Mi       3.2Gi       3.1Gi
Swap:          3.8Gi       1.0Mi       3.8Gi
DISK:
Filesystem                         Size  Used Avail Use% Mounted on
/dev/mapper/ubuntu--vg-ubuntu--lv   30G  9.6G   19G  34% /
NET:
2: eth0: <BROADCAST,MULTICAST,UP,LOWER_UP> mtu 1500 qdisc mq state UP mode DEFAULT group default qlen 1000
--- Wed Sep 10 04:32:45 UTC 2025 ---
CPU:  04:32:45 up  3:16,  5 users,  load average: 0.00, 0.01, 0.00
MEMORY:
               total        used        free      shared  buff/cache   available
Mem:           3.8Gi       492Mi       182Mi       1.0Mi       3.2Gi       3.1Gi
Swap:          3.8Gi       1.0Mi       3.8Gi
DISK:
Filesystem                         Size  Used Avail Use% Mounted on
/dev/mapper/ubuntu--vg-ubuntu--lv   30G  9.6G   19G  34% /
NET:
2: eth0: <BROADCAST,MULTICAST,UP,LOWER_UP> mtu 1500 qdisc mq state UP mode DEFAULT group default qlen 1000
--- Wed Sep 10 04:32:50 UTC 2025 ---
CPU:  3:16  5 users  load average: 0.00 0.01 0.00
MEMORY:
               total        used        free      shared  buff/cache   available
Mem:           3.8Gi       519Mi       155Mi       1.0Mi       3.2Gi       3.1Gi
Swap:          3.8Gi       1.0Mi       3.8Gi
DISK:
Filesystem                         Size  Used Avail Use% Mounted on
/dev/mapper/ubuntu--vg-ubuntu--lv   30G  9.6G   19G  34% /
NET:
2: eth0: <BROADCAST,MULTICAST,UP,LOWER_UP> mtu 1500 qdisc mq state UP mode DEFAULT group default qlen 1000\    link/ether 00:0c:29:32:ac:cd brd ff:ff:ff:ff:ff:ff\    altname enp2s0\    altname ens160
--- Wed Sep 10 04:32:50 UTC 2025 ---
CPU:  04:32:50 up  3:16,  5 users,  load average: 0.00, 0.01, 0.00
MEMORY:
               total        used        free      shared  buff/cache   available
Mem:           3.8Gi       504Mi       170Mi       1.0Mi       3.2Gi       3.1Gi
Swap:          3.8Gi       1.0Mi       3.8Gi
DISK:
Filesystem                         Size  Used Avail Use% Mounted on
/dev/mapper/ubuntu--vg-ubuntu--lv   30G  9.6G   19G  34% /
NET:
2: eth0: <BROADCAST,MULTICAST,UP,LOWER_UP> mtu 1500 qdisc mq state UP mode DEFAULT group default qlen 1000
--- Wed Sep 10 04:32:55 UTC 2025 ---
CPU:  04:32:55 up  3:16,  5 users,  load average: 0.00, 0.01, 0.00
MEMORY:
               total        used        free      shared  buff/cache   available
Mem:           3.8Gi       505Mi       170Mi       1.0Mi       3.2Gi       3.1Gi
Swap:          3.8Gi       1.0Mi       3.8Gi
DISK:
Filesystem                         Size  Used Avail Use% Mounted on
/dev/mapper/ubuntu--vg-ubuntu--lv   30G  9.6G   19G  34% /
NET:
2: eth0: <BROADCAST,MULTICAST,UP,LOWER_UP> mtu 1500 qdisc mq state UP mode DEFAULT group default qlen 1000
--- Wed Sep 10 04:33:00 UTC 2025 ---
CPU:  3:16  5 users  load average: 0.00 0.01 0.00
MEMORY:
               total        used        free      shared  buff/cache   available
Mem:           3.8Gi       505Mi       169Mi       1.0Mi       3.2Gi       3.1Gi
Swap:          3.8Gi       1.0Mi       3.8Gi
DISK:
Filesystem                         Size  Used Avail Use% Mounted on
/dev/mapper/ubuntu--vg-ubuntu--lv   30G  9.6G   19G  34% /
NET:
2: eth0: <BROADCAST,MULTICAST,UP,LOWER_UP> mtu 1500 qdisc mq state UP mode DEFAULT group default qlen 1000\    link/ether 00:0c:29:32:ac:cd brd ff:ff:ff:ff:ff:ff\    altname enp2s0\    altname ens160
--- Wed Sep 10 04:33:00 UTC 2025 ---
CPU:  04:33:00 up  3:16,  5 users,  load average: 0.00, 0.01, 0.00
MEMORY:
               total        used        free      shared  buff/cache   available
Mem:           3.8Gi       504Mi       171Mi       1.0Mi       3.2Gi       3.1Gi
Swap:          3.8Gi       1.0Mi       3.8Gi
DISK:
Filesystem                         Size  Used Avail Use% Mounted on
/dev/mapper/ubuntu--vg-ubuntu--lv   30G  9.6G   19G  34% /
NET:
2: eth0: <BROADCAST,MULTICAST,UP,LOWER_UP> mtu 1500 qdisc mq state UP mode DEFAULT group default qlen 1000
--- Wed Sep 10 04:33:05 UTC 2025 ---
CPU:  04:33:05 up  3:16,  5 users,  load average: 0.00, 0.01, 0.00
MEMORY:
               total        used        free      shared  buff/cache   available
Mem:           3.8Gi       491Mi       184Mi       1.0Mi       3.2Gi       3.1Gi
Swap:          3.8Gi       1.0Mi       3.8Gi
DISK:
Filesystem                         Size  Used Avail Use% Mounted on
/dev/mapper/ubuntu--vg-ubuntu--lv   30G  9.6G   19G  34% /
NET:
2: eth0: <BROADCAST,MULTICAST,UP,LOWER_UP> mtu 1500 qdisc mq state UP mode DEFAULT group default qlen 1000
--- Wed Sep 10 04:33:10 UTC 2025 ---
CPU:  3:16  5 users  load average: 0.00 0.01 0.00
MEMORY:
               total        used        free      shared  buff/cache   available
Mem:           3.8Gi       491Mi       183Mi       1.0Mi       3.2Gi       3.1Gi
Swap:          3.8Gi       1.0Mi       3.8Gi
DISK:
Filesystem                         Size  Used Avail Use% Mounted on
/dev/mapper/ubuntu--vg-ubuntu--lv   30G  9.6G   19G  34% /
NET:
2: eth0: <BROADCAST,MULTICAST,UP,LOWER_UP> mtu 1500 qdisc mq state UP mode DEFAULT group default qlen 1000\    link/ether 00:0c:29:32:ac:cd brd ff:ff:ff:ff:ff:ff\    altname enp2s0\    altname ens160
--- Wed Sep 10 04:33:10 UTC 2025 ---
CPU:  04:33:10 up  3:16,  5 users,  load average: 0.00, 0.01, 0.00
MEMORY:
               total        used        free      shared  buff/cache   available
Mem:           3.8Gi       492Mi       183Mi       1.0Mi       3.2Gi       3.1Gi
Swap:          3.8Gi       1.0Mi       3.8Gi
DISK:
Filesystem                         Size  Used Avail Use% Mounted on
/dev/mapper/ubuntu--vg-ubuntu--lv   30G  9.6G   19G  34% /
NET:
2: eth0: <BROADCAST,MULTICAST,UP,LOWER_UP> mtu 1500 qdisc mq state UP mode DEFAULT group default qlen 1000
--- Wed Sep 10 04:33:15 UTC 2025 ---
CPU:  04:33:15 up  3:16,  5 users,  load average: 0.00, 0.01, 0.00
MEMORY:
               total        used        free      shared  buff/cache   available
Mem:           3.8Gi       489Mi       186Mi       1.0Mi       3.2Gi       3.1Gi
Swap:          3.8Gi       1.0Mi       3.8Gi
DISK:
Filesystem                         Size  Used Avail Use% Mounted on
/dev/mapper/ubuntu--vg-ubuntu--lv   30G  9.6G   19G  34% /
NET:
2: eth0: <BROADCAST,MULTICAST,UP,LOWER_UP> mtu 1500 qdisc mq state UP mode DEFAULT group default qlen 1000
--- Wed Sep 10 04:33:20 UTC 2025 ---
CPU:  3:16  5 users  load average: 0.00 0.01 0.00
MEMORY:
               total        used        free      shared  buff/cache   available
Mem:           3.8Gi       489Mi       185Mi       1.0Mi       3.2Gi       3.1Gi
Swap:          3.8Gi       1.0Mi       3.8Gi
DISK:
Filesystem                         Size  Used Avail Use% Mounted on
/dev/mapper/ubuntu--vg-ubuntu--lv   30G  9.6G   19G  34% /
NET:
2: eth0: <BROADCAST,MULTICAST,UP,LOWER_UP> mtu 1500 qdisc mq state UP mode DEFAULT group default qlen 1000\    link/ether 00:0c:29:32:ac:cd brd ff:ff:ff:ff:ff:ff\    altname enp2s0\    altname ens160
--- Wed Sep 10 04:33:20 UTC 2025 ---
CPU:  04:33:20 up  3:16,  5 users,  load average: 0.00, 0.01, 0.00
MEMORY:
               total        used        free      shared  buff/cache   available
Mem:           3.8Gi       490Mi       185Mi       1.0Mi       3.2Gi       3.1Gi
Swap:          3.8Gi       1.0Mi       3.8Gi
DISK:
Filesystem                         Size  Used Avail Use% Mounted on
/dev/mapper/ubuntu--vg-ubuntu--lv   30G  9.6G   19G  34% /
NET:
2: eth0: <BROADCAST,MULTICAST,UP,LOWER_UP> mtu 1500 qdisc mq state UP mode DEFAULT group default qlen 1000
--- Wed Sep 10 04:33:25 UTC 2025 ---
CPU:  04:33:25 up  3:16,  5 users,  load average: 0.00, 0.01, 0.00
MEMORY:
               total        used        free      shared  buff/cache   available
Mem:           3.8Gi       490Mi       184Mi       1.0Mi       3.2Gi       3.1Gi
Swap:          3.8Gi       1.0Mi       3.8Gi
DISK:
Filesystem                         Size  Used Avail Use% Mounted on
/dev/mapper/ubuntu--vg-ubuntu--lv   30G  9.6G   19G  34% /
NET:
2: eth0: <BROADCAST,MULTICAST,UP,LOWER_UP> mtu 1500 qdisc mq state UP mode DEFAULT group default qlen 1000
--- Wed Sep 10 04:33:30 UTC 2025 ---
--- Wed Sep 10 04:33:30 UTC 2025 ---
CPU:  04:33:30 up  3:16,  5 users,  load average: 0.00, 0.01, 0.00
MEMORY:
CPU:  3:16  5 users  load average: 0.00 0.01 0.00
MEMORY:
               total        used        free      shared  buff/cache   available
Mem:           3.8Gi       491Mi       184Mi       1.0Mi       3.2Gi       3.1Gi
Swap:          3.8Gi       1.0Mi       3.8Gi
DISK:
Filesystem                         Size  Used Avail Use% Mounted on
/dev/mapper/ubuntu--vg-ubuntu--lv   30G  9.6G   19G  34% /
               total        used        free      shared  buff/cache   available
Mem:           3.8Gi       491Mi       184Mi       1.0Mi       3.2Gi       3.1Gi
Swap:          3.8Gi       1.0Mi       3.8Gi
DISK:
NET:
Filesystem                         Size  Used Avail Use% Mounted on
/dev/mapper/ubuntu--vg-ubuntu--lv   30G  9.6G   19G  34% /
NET:
2: eth0: <BROADCAST,MULTICAST,UP,LOWER_UP> mtu 1500 qdisc mq state UP mode DEFAULT group default qlen 1000
2: eth0: <BROADCAST,MULTICAST,UP,LOWER_UP> mtu 1500 qdisc mq state UP mode DEFAULT group default qlen 1000\    link/ether 00:0c:29:32:ac:cd brd ff:ff:ff:ff:ff:ff\    altname enp2s0\    altname ens160
--- Wed Sep 10 04:33:35 UTC 2025 ---
CPU:  04:33:35 up  3:16,  5 users,  load average: 0.00, 0.01, 0.00
MEMORY:
               total        used        free      shared  buff/cache   available
Mem:           3.8Gi       491Mi       184Mi       1.0Mi       3.2Gi       3.1Gi
Swap:          3.8Gi       1.0Mi       3.8Gi
DISK:
Filesystem                         Size  Used Avail Use% Mounted on
/dev/mapper/ubuntu--vg-ubuntu--lv   30G  9.6G   19G  34% /
NET:
2: eth0: <BROADCAST,MULTICAST,UP,LOWER_UP> mtu 1500 qdisc mq state UP mode DEFAULT group default qlen 1000
--- Wed Sep 10 04:33:40 UTC 2025 ---
--- Wed Sep 10 04:33:40 UTC 2025 ---
CPU:  04:33:40 up  3:16,  5 users,  load average: 0.00, 0.01, 0.00
MEMORY:
               total        used        free      shared  buff/cache   available
Mem:           3.8Gi       491Mi       183Mi       1.0Mi       3.2Gi       3.1Gi
Swap:          3.8Gi       1.0Mi       3.8Gi
DISK:
Filesystem                         Size  Used Avail Use% Mounted on
/dev/mapper/ubuntu--vg-ubuntu--lv   30G  9.6G   19G  34% /
NET:
2: eth0: <BROADCAST,MULTICAST,UP,LOWER_UP> mtu 1500 qdisc mq state UP mode DEFAULT group default qlen 1000
CPU:  3:16  5 users  load average: 0.00 0.01 0.00
MEMORY:
               total        used        free      shared  buff/cache   available
Mem:           3.8Gi       492Mi       182Mi       1.0Mi       3.2Gi       3.1Gi
Swap:          3.8Gi       1.0Mi       3.8Gi
DISK:
Filesystem                         Size  Used Avail Use% Mounted on
/dev/mapper/ubuntu--vg-ubuntu--lv   30G  9.6G   19G  34% /
NET:
2: eth0: <BROADCAST,MULTICAST,UP,LOWER_UP> mtu 1500 qdisc mq state UP mode DEFAULT group default qlen 1000\    link/ether 00:0c:29:32:ac:cd brd ff:ff:ff:ff:ff:ff\    altname enp2s0\    altname ens160
--- Wed Sep 10 04:33:45 UTC 2025 ---
CPU:  04:33:45 up  3:17,  5 users,  load average: 0.00, 0.01, 0.00
MEMORY:
               total        used        free      shared  buff/cache   available
Mem:           3.8Gi       489Mi       185Mi       1.0Mi       3.2Gi       3.1Gi
Swap:          3.8Gi       1.0Mi       3.8Gi
DISK:
Filesystem                         Size  Used Avail Use% Mounted on
/dev/mapper/ubuntu--vg-ubuntu--lv   30G  9.6G   19G  34% /
NET:
2: eth0: <BROADCAST,MULTICAST,UP,LOWER_UP> mtu 1500 qdisc mq state UP mode DEFAULT group default qlen 1000
--- Wed Sep 10 04:33:50 UTC 2025 ---
CPU:  04:33:50 up  3:17,  5 users,  load average: 0.00, 0.01, 0.00
MEMORY:
               total        used        free      shared  buff/cache   available
Mem:           3.8Gi       490Mi       185Mi       1.0Mi       3.2Gi       3.1Gi
Swap:          3.8Gi       1.0Mi       3.8Gi
DISK:
Filesystem                         Size  Used Avail Use% Mounted on
/dev/mapper/ubuntu--vg-ubuntu--lv   30G  9.6G   19G  34% /
NET:
2: eth0: <BROADCAST,MULTICAST,UP,LOWER_UP> mtu 1500 qdisc mq state UP mode DEFAULT group default qlen 1000
--- Wed Sep 10 04:33:50 UTC 2025 ---
CPU:  3:17  5 users  load average: 0.00 0.01 0.00
MEMORY:
               total        used        free      shared  buff/cache   available
Mem:           3.8Gi       490Mi       185Mi       1.0Mi       3.2Gi       3.1Gi
Swap:          3.8Gi       1.0Mi       3.8Gi
DISK:
Filesystem                         Size  Used Avail Use% Mounted on
/dev/mapper/ubuntu--vg-ubuntu--lv   30G  9.6G   19G  34% /
NET:
2: eth0: <BROADCAST,MULTICAST,UP,LOWER_UP> mtu 1500 qdisc mq state UP mode DEFAULT group default qlen 1000\    link/ether 00:0c:29:32:ac:cd brd ff:ff:ff:ff:ff:ff\    altname enp2s0\    altname ens160
--- Wed Sep 10 04:33:56 UTC 2025 ---
CPU:  04:33:55 up  3:17,  5 users,  load average: 0.00, 0.01, 0.00
MEMORY:
               total        used        free      shared  buff/cache   available
Mem:           3.8Gi       486Mi       188Mi       1.0Mi       3.2Gi       3.1Gi
Swap:          3.8Gi       1.0Mi       3.8Gi
DISK:
Filesystem                         Size  Used Avail Use% Mounted on
/dev/mapper/ubuntu--vg-ubuntu--lv   30G  9.6G   19G  34% /
NET:
2: eth0: <BROADCAST,MULTICAST,UP,LOWER_UP> mtu 1500 qdisc mq state UP mode DEFAULT group default qlen 1000
--- Wed Sep 10 04:34:00 UTC 2025 ---
CPU:  04:34:00 up  3:17,  5 users,  load average: 0.16, 0.04, 0.01
MEMORY:
               total        used        free      shared  buff/cache   available
Mem:           3.8Gi       487Mi       188Mi       1.0Mi       3.2Gi       3.1Gi
Swap:          3.8Gi       1.0Mi       3.8Gi
DISK:
Filesystem                         Size  Used Avail Use% Mounted on
/dev/mapper/ubuntu--vg-ubuntu--lv   30G  9.6G   19G  34% /
NET:
2: eth0: <BROADCAST,MULTICAST,UP,LOWER_UP> mtu 1500 qdisc mq state UP mode DEFAULT group default qlen 1000
--- Wed Sep 10 04:34:00 UTC 2025 ---
CPU:  3:17  5 users  load average: 0.16 0.04 0.01
MEMORY:
               total        used        free      shared  buff/cache   available
Mem:           3.8Gi       487Mi       187Mi       1.0Mi       3.2Gi       3.1Gi
Swap:          3.8Gi       1.0Mi       3.8Gi
DISK:
